mock OpenClaw Gateway listening on ws://127.0.0.1:18831
preauth connect
Pairing request pair_2233afc63f4d (not-paired) from Pincer (7c187636)
preauth connect
Pairing request pair_5058d0558f9b (not-paired) from Pincer (7c187636)
Pairing approved pair_2233afc63f4d
Pairing approved pair_5058d0558f9b
preauth connect
conn_cc7d1dea56a3 agents.list
conn_cc7d1dea56a3 sessions.subscribe
conn_cc7d1dea56a3 exec.approval.list
conn_cc7d1dea56a3 question.list
conn_cc7d1dea56a3 config.get
conn_cc7d1dea56a3 users.prefs.get
conn_cc7d1dea56a3 users.prefs.get
conn_cc7d1dea56a3 users.prefs.get
conn_cc7d1dea56a3 users.prefs.get
conn_cc7d1dea56a3 users.prefs.get
conn_cc7d1dea56a3 users.prefs.get
conn_cc7d1dea56a3 users.prefs.get
conn_cc7d1dea56a3 sessions.groups.list
conn_cc7d1dea56a3 channels.status
conn_cc7d1dea56a3 skills.status
conn_cc7d1dea56a3 agents.list
conn_cc7d1dea56a3 system-presence
conn_cc7d1dea56a3 last-heartbeat
conn_cc7d1dea56a3 health
conn_cc7d1dea56a3 sessions.messages.subscribe
conn_cc7d1dea56a3 chat.history
conn_cc7d1dea56a3 progressCard.get
preauth connect
conn_e0234cb05bfe agents.list
conn_e0234cb05bfe sessions.list
conn_e0234cb05bfe sessions.create
conn_e0234cb05bfe chat.send
conn_cc7d1dea56a3 sessions.messages.subscribe
conn_cc7d1dea56a3 chat.history
conn_cc7d1dea56a3 commands.list
conn_cc7d1dea56a3 progressCard.get
conn_cc7d1dea56a3 artifacts.download
conn_cc7d1dea56a3 sessions.messages.subscribe
conn_cc7d1dea56a3 chat.history
conn_cc7d1dea56a3 progressCard.get
conn_cc7d1dea56a3 chat.history
conn_cc7d1dea56a3 sessions.messages.subscribe
conn_cc7d1dea56a3 chat.history
conn_cc7d1dea56a3 chat.history
conn_cc7d1dea56a3 progressCard.get
conn_cc7d1dea56a3 chat.history
conn_cc7d1dea56a3 chat.history
conn_cc7d1dea56a3 chat.message.get
conn_cc7d1dea56a3 chat.history
conn_cc7d1dea56a3 chat.history
conn_cc7d1dea56a3 chat.history
conn_cc7d1dea56a3 chat.history
conn_cc7d1dea56a3 sessions.messages.subscribe
conn_cc7d1dea56a3 chat.history
conn_cc7d1dea56a3 chat.message.get
conn_cc7d1dea56a3 progressCard.get
conn_cc7d1dea56a3 sessions.messages.subscribe
conn_cc7d1dea56a3 chat.history
conn_cc7d1dea56a3 chat.send
conn_cc7d1dea56a3 progressCard.get
conn_cc7d1dea56a3 sessions.messages.subscribe
conn_cc7d1dea56a3 sessions.messages.subscribe
conn_cc7d1dea56a3 chat.history
conn_cc7d1dea56a3 chat.history
conn_cc7d1dea56a3 progressCard.get
conn_cc7d1dea56a3 progressCard.get
conn_cc7d1dea56a3 sessions.messages.subscribe
conn_cc7d1dea56a3 sessions.messages.subscribe
conn_cc7d1dea56a3 chat.history
conn_cc7d1dea56a3 chat.history
conn_cc7d1dea56a3 progressCard.get
conn_cc7d1dea56a3 progressCard.get
conn_cc7d1dea56a3 chat.send
conn_cc7d1dea56a3 progressCard.get
conn_cc7d1dea56a3 progressCard.get
conn_cc7d1dea56a3 progressCard.get
conn_cc7d1dea56a3 progressCard.get
conn_cc7d1dea56a3 sessions.messages.subscribe
conn_cc7d1dea56a3 sessions.messages.subscribe
conn_cc7d1dea56a3 chat.history
conn_cc7d1dea56a3 chat.history
conn_cc7d1dea56a3 progressCard.get
conn_cc7d1dea56a3 progressCard.get
conn_cc7d1dea56a3 progressCard.put
conn_cc7d1dea56a3 sessions.messages.subscribe
conn_cc7d1dea56a3 chat.history
conn_cc7d1dea56a3 progressCard.get
conn_cc7d1dea56a3 sessions.patch
conn_cc7d1dea56a3 models.list
conn_cc7d1dea56a3 sessions.patch
conn_cc7d1dea56a3 chat.send
conn_cc7d1dea56a3 sessions.messages.subscribe
conn_cc7d1dea56a3 sessions.messages.subscribe
conn_cc7d1dea56a3 chat.history
conn_cc7d1dea56a3 chat.history
conn_cc7d1dea56a3 progressCard.get
conn_cc7d1dea56a3 progressCard.get
conn_cc7d1dea56a3 sessions.patch
conn_cc7d1dea56a3 chat.send
conn_cc7d1dea56a3 exec.approval.resolve
conn_cc7d1dea56a3 sessions.messages.subscribe
conn_cc7d1dea56a3 sessions.messages.subscribe
conn_cc7d1dea56a3 chat.history
conn_cc7d1dea56a3 chat.history
conn_cc7d1dea56a3 progressCard.get
conn_cc7d1dea56a3 progressCard.get
conn_cc7d1dea56a3 chat.send
conn_cc7d1dea56a3 exec.approval.resolve
conn_cc7d1dea56a3 sessions.messages.subscribe
conn_cc7d1dea56a3 sessions.messages.subscribe
conn_cc7d1dea56a3 chat.history
conn_cc7d1dea56a3 chat.history
conn_cc7d1dea56a3 progressCard.get
conn_cc7d1dea56a3 progressCard.get
conn_cc7d1dea56a3 chat.send
conn_cc7d1dea56a3 exec.approval.resolve
conn_cc7d1dea56a3 exec.approval.resolve
