mock OpenClaw Gateway listening on ws://127.0.0.1:18975
preauth connect
Pairing request pair_526057908349 (not-paired) from Pincer (7c9f69a3)
preauth connect
Pairing request pair_526057908349 (not-paired, pending) from Pincer (7c9f69a3)
Pairing approved pair_526057908349
preauth connect
conn_d0810d951840 agents.list
conn_d0810d951840 sessions.subscribe
conn_d0810d951840 exec.approval.list
conn_d0810d951840 question.list
conn_d0810d951840 config.get
conn_d0810d951840 users.prefs.get
conn_d0810d951840 users.prefs.get
conn_d0810d951840 users.prefs.get
conn_d0810d951840 users.prefs.get
conn_d0810d951840 users.prefs.get
conn_d0810d951840 users.prefs.get
conn_d0810d951840 users.prefs.get
conn_d0810d951840 sessions.groups.list
conn_d0810d951840 skills.status
conn_d0810d951840 agents.list
conn_d0810d951840 health
conn_d0810d951840 last-heartbeat
conn_d0810d951840 system-presence
conn_d0810d951840 sessions.messages.subscribe
preauth connect
conn_e28e966f9b21 agents.list
conn_e28e966f9b21 sessions.list
conn_d0810d951840 chat.history
conn_d0810d951840 progressCard.get
conn_e28e966f9b21 sessions.create
conn_e28e966f9b21 chat.send
conn_d0810d951840 sessions.messages.subscribe
conn_d0810d951840 chat.history
conn_d0810d951840 commands.list
conn_d0810d951840 progressCard.get
conn_d0810d951840 artifacts.download
conn_d0810d951840 sessions.messages.subscribe
conn_d0810d951840 chat.history
conn_d0810d951840 progressCard.get
conn_d0810d951840 chat.history
conn_d0810d951840 sessions.messages.subscribe
conn_d0810d951840 chat.history
conn_d0810d951840 chat.history
conn_d0810d951840 progressCard.get
conn_d0810d951840 chat.history
conn_d0810d951840 chat.history
conn_d0810d951840 chat.message.get
conn_d0810d951840 chat.history
conn_d0810d951840 chat.history
conn_d0810d951840 chat.history
conn_d0810d951840 chat.history
conn_d0810d951840 chat.history
conn_d0810d951840 sessions.messages.subscribe
conn_d0810d951840 chat.history
conn_d0810d951840 chat.message.get
conn_d0810d951840 progressCard.get
conn_d0810d951840 sessions.messages.subscribe
conn_d0810d951840 chat.history
conn_d0810d951840 chat.send
conn_d0810d951840 progressCard.get
conn_d0810d951840 sessions.messages.subscribe
conn_d0810d951840 sessions.messages.subscribe
conn_d0810d951840 chat.history
conn_d0810d951840 chat.history
conn_d0810d951840 progressCard.get
conn_d0810d951840 progressCard.get
conn_d0810d951840 sessions.messages.subscribe
conn_d0810d951840 sessions.messages.subscribe
conn_d0810d951840 chat.history
conn_d0810d951840 chat.history
conn_d0810d951840 progressCard.get
conn_d0810d951840 progressCard.get
conn_d0810d951840 chat.send
conn_d0810d951840 progressCard.get
conn_d0810d951840 progressCard.get
conn_d0810d951840 progressCard.get
conn_d0810d951840 progressCard.get
conn_d0810d951840 sessions.messages.subscribe
conn_d0810d951840 sessions.messages.subscribe
conn_d0810d951840 chat.history
conn_d0810d951840 chat.history
conn_d0810d951840 progressCard.get
conn_d0810d951840 progressCard.get
conn_d0810d951840 progressCard.put
conn_d0810d951840 sessions.messages.subscribe
conn_d0810d951840 chat.history
conn_d0810d951840 progressCard.get
conn_d0810d951840 sessions.patch
conn_d0810d951840 models.list
conn_d0810d951840 sessions.patch
conn_d0810d951840 chat.send
conn_d0810d951840 sessions.messages.subscribe
conn_d0810d951840 sessions.messages.subscribe
conn_d0810d951840 chat.history
conn_d0810d951840 chat.history
conn_d0810d951840 progressCard.get
conn_d0810d951840 progressCard.get
conn_d0810d951840 sessions.patch
conn_d0810d951840 chat.send
conn_d0810d951840 exec.approval.resolve
conn_d0810d951840 sessions.messages.subscribe
conn_d0810d951840 sessions.messages.subscribe
conn_d0810d951840 chat.history
conn_d0810d951840 chat.history
conn_d0810d951840 progressCard.get
conn_d0810d951840 progressCard.get
conn_d0810d951840 chat.send
conn_d0810d951840 exec.approval.resolve
conn_d0810d951840 sessions.messages.subscribe
conn_d0810d951840 sessions.messages.subscribe
conn_d0810d951840 chat.history
conn_d0810d951840 chat.history
conn_d0810d951840 progressCard.get
conn_d0810d951840 progressCard.get
conn_d0810d951840 chat.send
conn_d0810d951840 exec.approval.resolve
conn_d0810d951840 exec.approval.resolve
conn_d0810d951840 sessions.messages.subscribe
conn_d0810d951840 sessions.messages.subscribe
conn_d0810d951840 chat.history
conn_d0810d951840 chat.history
conn_d0810d951840 progressCard.get
conn_d0810d951840 progressCard.get
conn_d0810d951840 exec.approval.resolve
conn_d0810d951840 chat.send
conn_d0810d951840 exec.approval.resolve
conn_d0810d951840 sessions.messages.subscribe
conn_d0810d951840 sessions.messages.subscribe
conn_d0810d951840 chat.history
conn_d0810d951840 chat.history
conn_d0810d951840 progressCard.get
conn_d0810d951840 progressCard.get
conn_d0810d951840 chat.send
preauth connect
conn_7e6a3414c8b0 agents.list
conn_7e6a3414c8b0 sessions.subscribe
conn_7e6a3414c8b0 exec.approval.list
conn_7e6a3414c8b0 question.list
conn_7e6a3414c8b0 config.get
conn_7e6a3414c8b0 users.prefs.get
conn_7e6a3414c8b0 users.prefs.get
conn_7e6a3414c8b0 users.prefs.get
conn_7e6a3414c8b0 users.prefs.get
conn_7e6a3414c8b0 users.prefs.get
conn_7e6a3414c8b0 users.prefs.get
conn_7e6a3414c8b0 users.prefs.get
conn_7e6a3414c8b0 sessions.groups.list
conn_7e6a3414c8b0 exec.approval.resolve
preauth connect
conn_3ef100b7085f agents.list
conn_3ef100b7085f sessions.subscribe
conn_3ef100b7085f exec.approval.list
conn_3ef100b7085f question.list
conn_3ef100b7085f config.get
conn_3ef100b7085f users.prefs.get
conn_3ef100b7085f users.prefs.get
conn_3ef100b7085f users.prefs.get
conn_3ef100b7085f users.prefs.get
conn_3ef100b7085f users.prefs.get
conn_3ef100b7085f users.prefs.get
conn_3ef100b7085f users.prefs.get
conn_3ef100b7085f sessions.groups.list
conn_3ef100b7085f exec.approval.resolve
preauth connect
conn_80b85df5f4e1 agents.list
conn_80b85df5f4e1 sessions.subscribe
conn_80b85df5f4e1 exec.approval.list
conn_80b85df5f4e1 question.list
conn_80b85df5f4e1 config.get
conn_80b85df5f4e1 users.prefs.get
conn_80b85df5f4e1 users.prefs.get
conn_80b85df5f4e1 users.prefs.get
conn_80b85df5f4e1 users.prefs.get
conn_80b85df5f4e1 users.prefs.get
conn_80b85df5f4e1 users.prefs.get
conn_80b85df5f4e1 users.prefs.get
conn_80b85df5f4e1 sessions.groups.list
conn_80b85df5f4e1 exec.approval.resolve
conn_d0810d951840 sessions.messages.subscribe
conn_d0810d951840 sessions.messages.subscribe
conn_d0810d951840 chat.history
conn_d0810d951840 chat.history
conn_d0810d951840 progressCard.get
conn_d0810d951840 progressCard.get
conn_d0810d951840 chat.send
conn_d0810d951840 exec.approval.resolve
conn_d0810d951840 exec.approval.resolve
conn_d0810d951840 sessions.messages.subscribe
conn_d0810d951840 sessions.messages.subscribe
conn_d0810d951840 chat.history
conn_d0810d951840 chat.history
conn_d0810d951840 progressCard.get
conn_d0810d951840 progressCard.get
conn_d0810d951840 chat.send
conn_d0810d951840 sessions.messages.subscribe
conn_d0810d951840 chat.history
conn_d0810d951840 sessions.messages.subscribe
preauth connect
conn_d0810d951840 chat.history
conn_d0810d951840 progressCard.get
conn_8cfe64f9503a agents.list
conn_8cfe64f9503a sessions.subscribe
conn_d0810d951840 progressCard.get
conn_8cfe64f9503a exec.approval.list
conn_8cfe64f9503a question.list
conn_8cfe64f9503a config.get
conn_8cfe64f9503a users.prefs.get
conn_8cfe64f9503a users.prefs.get
conn_8cfe64f9503a users.prefs.get
conn_8cfe64f9503a users.prefs.get
conn_8cfe64f9503a users.prefs.get
conn_8cfe64f9503a users.prefs.get
conn_8cfe64f9503a users.prefs.get
conn_8cfe64f9503a sessions.groups.list
conn_8cfe64f9503a exec.approval.resolve
conn_d0810d951840 chat.send
conn_d0810d951840 question.resolve
conn_d0810d951840 sessions.messages.subscribe
conn_d0810d951840 sessions.messages.subscribe
conn_d0810d951840 chat.history
conn_d0810d951840 chat.history
conn_d0810d951840 progressCard.get
conn_d0810d951840 progressCard.get
conn_d0810d951840 sessions.create
conn_d0810d951840 sessions.patch
conn_d0810d951840 users.prefs.set
conn_d0810d951840 sessions.messages.subscribe
conn_d0810d951840 users.prefs.get
conn_d0810d951840 chat.history
conn_d0810d951840 users.prefs.set
conn_d0810d951840 progressCard.get
conn_d0810d951840 users.prefs.get
conn_d0810d951840 sessions.patch
conn_d0810d951840 users.prefs.set
conn_d0810d951840 users.prefs.get
conn_d0810d951840 sessions.patch
preauth connect
conn_60dfaf2b042e agents.list
conn_60dfaf2b042e sessions.subscribe
conn_60dfaf2b042e exec.approval.list
conn_60dfaf2b042e question.list
conn_60dfaf2b042e config.get
conn_60dfaf2b042e users.prefs.get
conn_60dfaf2b042e users.prefs.get
conn_60dfaf2b042e users.prefs.get
conn_60dfaf2b042e users.prefs.get
conn_60dfaf2b042e users.prefs.get
conn_60dfaf2b042e users.prefs.get
conn_60dfaf2b042e users.prefs.get
conn_60dfaf2b042e sessions.groups.list
conn_60dfaf2b042e skills.status
conn_60dfaf2b042e agents.list
conn_60dfaf2b042e last-heartbeat
conn_60dfaf2b042e health
conn_60dfaf2b042e system-presence
conn_60dfaf2b042e sessions.messages.subscribe
conn_60dfaf2b042e users.prefs.set
conn_60dfaf2b042e chat.history
conn_60dfaf2b042e users.prefs.get
conn_d0810d951840 users.prefs.get
conn_60dfaf2b042e sessions.patch
conn_60dfaf2b042e progressCard.get
conn_d0810d951840 users.prefs.set
conn_60dfaf2b042e users.prefs.get
conn_d0810d951840 users.prefs.get
conn_60dfaf2b042e users.prefs.set
conn_d0810d951840 users.prefs.get
conn_60dfaf2b042e users.prefs.get
conn_d0810d951840 users.prefs.set
conn_d0810d951840 users.prefs.get
conn_d0810d951840 users.prefs.set
conn_60dfaf2b042e users.prefs.get
conn_d0810d951840 users.prefs.get
conn_60dfaf2b042e users.prefs.set
conn_d0810d951840 users.prefs.get
conn_60dfaf2b042e users.prefs.get
conn_d0810d951840 sessions.groups.put
conn_60dfaf2b042e sessions.groups.list
conn_d0810d951840 sessions.groups.list
conn_d0810d951840 sessions.groups.put
conn_60dfaf2b042e sessions.groups.list
conn_d0810d951840 sessions.groups.list
conn_d0810d951840 sessions.groups.put
conn_60dfaf2b042e sessions.groups.list
conn_d0810d951840 sessions.patch
conn_d0810d951840 sessions.groups.list
conn_d0810d951840 users.prefs.set
conn_60dfaf2b042e users.prefs.get
conn_d0810d951840 users.prefs.get
conn_d0810d951840 sessions.patch
conn_d0810d951840 sessions.patch
conn_d0810d951840 sessions.list
conn_60dfaf2b042e sessions.list
conn_d0810d951840 sessions.patch
conn_d0810d951840 users.prefs.set
conn_60dfaf2b042e chat.history
conn_d0810d951840 sessions.patch
conn_d0810d951840 users.prefs.set
conn_d0810d951840 users.prefs.set
conn_d0810d951840 users.prefs.get
conn_d0810d951840 users.prefs.get
conn_60dfaf2b042e users.prefs.get
conn_60dfaf2b042e chat.history
conn_60dfaf2b042e users.prefs.get
conn_60dfaf2b042e users.prefs.get
conn_d0810d951840 users.prefs.get
conn_60dfaf2b042e chat.history
conn_60dfaf2b042e chat.history
conn_60dfaf2b042e chat.history
conn_d0810d951840 users.prefs.set
conn_60dfaf2b042e users.prefs.get
conn_d0810d951840 users.prefs.get
conn_60dfaf2b042e chat.history
conn_d0810d951840 users.prefs.set
conn_d0810d951840 users.prefs.set
conn_d0810d951840 users.prefs.get
conn_d0810d951840 users.prefs.get
conn_60dfaf2b042e users.prefs.get
conn_d0810d951840 users.prefs.set
conn_60dfaf2b042e users.prefs.get
conn_d0810d951840 users.prefs.get
conn_d0810d951840 sessions.groups.rename
conn_60dfaf2b042e chat.history
conn_60dfaf2b042e sessions.groups.list
conn_d0810d951840 sessions.groups.delete
conn_d0810d951840 sessions.groups.list
conn_d0810d951840 users.prefs.set
conn_d0810d951840 sessions.groups.list
conn_60dfaf2b042e chat.message.get
conn_60dfaf2b042e sessions.groups.list
conn_60dfaf2b042e users.prefs.get
conn_d0810d951840 users.prefs.get
conn_60dfaf2b042e chat.history
conn_60dfaf2b042e chat.history
conn_60dfaf2b042e chat.history
conn_60dfaf2b042e chat.history
conn_d0810d951840 sessions.groups.delete
conn_d0810d951840 approval.history
conn_d0810d951840 sessions.groups.list
conn_d0810d951840 approval.history
conn_d0810d951840 users.prefs.set
conn_d0810d951840 approval.history
conn_d0810d951840 users.prefs.get
conn_d0810d951840 approval.history
conn_d0810d951840 approval.history
conn_d0810d951840 approval.history
conn_d0810d951840 approval.get
conn_d0810d951840 approval.get
conn_d0810d951840 approval.get
conn_d0810d951840 usage.status
conn_d0810d951840 sessions.usage
conn_d0810d951840 usage.cost
conn_d0810d951840 sessions.usage
conn_d0810d951840 sessions.usage.timeseries
conn_d0810d951840 sessions.usage.logs
conn_d0810d951840 sessions.usage
conn_d0810d951840 sessions.usage.timeseries
conn_d0810d951840 sessions.usage.logs
conn_d0810d951840 cron.list
conn_d0810d951840 cron.status
conn_d0810d951840 cron.runs
conn_d0810d951840 cron.run
conn_d0810d951840 config.get
conn_d0810d951840 config.schema
conn_d0810d951840 plugins.list
conn_d0810d951840 models.list
conn_d0810d951840 sessions.messages.subscribe
conn_d0810d951840 chat.history
conn_d0810d951840 chat.send
conn_d0810d951840 progressCard.get
conn_d0810d951840 sessions.list
conn_d0810d951840 sessions.messages.subscribe
conn_d0810d951840 sessions.messages.subscribe
conn_d0810d951840 chat.history
conn_d0810d951840 chat.history
conn_d0810d951840 sessions.list
conn_d0810d951840 progressCard.get
conn_d0810d951840 progressCard.get
conn_d0810d951840 push.web.subscribe
conn_d0810d951840 push.web.subscribe
conn_d0810d951840 chat.send
conn_d0810d951840 sessions.messages.subscribe
conn_d0810d951840 sessions.messages.subscribe
conn_d0810d951840 chat.history
conn_d0810d951840 chat.history
conn_d0810d951840 progressCard.get
conn_d0810d951840 progressCard.get
conn_d0810d951840 chat.send
conn_d0810d951840 exec.approval.resolve
conn_d0810d951840 approval.history
conn_d0810d951840 sessions.messages.subscribe
conn_d0810d951840 sessions.messages.subscribe
conn_d0810d951840 chat.history
conn_d0810d951840 chat.history
conn_d0810d951840 progressCard.get
conn_d0810d951840 progressCard.get
conn_d0810d951840 push.web.unsubscribe
conn_d0810d951840 chat.send
conn_d0810d951840 sessions.messages.subscribe
conn_d0810d951840 sessions.messages.subscribe
conn_d0810d951840 chat.history
conn_d0810d951840 chat.history
conn_d0810d951840 progressCard.get
conn_d0810d951840 progressCard.get
preauth connect
conn_7faba642a54b agents.list
conn_7faba642a54b sessions.list
conn_7faba642a54b chat.send
conn_d0810d951840 sessions.messages.subscribe
conn_d0810d951840 sessions.messages.subscribe
conn_d0810d951840 chat.history
conn_d0810d951840 chat.history
preauth connect
conn_edab6eb555b3 agents.list
conn_edab6eb555b3 sessions.list
conn_d0810d951840 progressCard.get
conn_d0810d951840 progressCard.get
preauth connect
conn_0b112f4e3f47 agents.list
conn_0b112f4e3f47 sessions.list
preauth connect
conn_ef2caa9764cc exec.approval.list
conn_d0810d951840 chat.send
conn_d0810d951840 sessions.messages.subscribe
conn_d0810d951840 sessions.messages.subscribe
conn_d0810d951840 chat.history
conn_d0810d951840 chat.history
conn_d0810d951840 progressCard.get
conn_d0810d951840 progressCard.get
preauth connect
conn_b994bb23ac27 sessions.create
conn_b994bb23ac27 chat.send
preauth connect
conn_738c72f864c2 chat.send
preauth connect
conn_05e3e90dfe37 chat.send
preauth connect
conn_169034801dee agents.list
preauth connect
preauth connect
conn_df3adc2c89be agents.list
conn_113d8cbe8f31 agents.list
conn_df3adc2c89be sessions.list
conn_113d8cbe8f31 sessions.list
preauth connect
conn_1ab51020dfca agents.list
conn_1ab51020dfca sessions.list
preauth connect
conn_9467ae35e3e8 agents.list
conn_9467ae35e3e8 sessions.list
preauth connect
conn_2e59f1a287ec agents.list
conn_2e59f1a287ec sessions.list
conn_2e59f1a287ec chat.send
conn_d0810d951840 sessions.messages.subscribe
conn_d0810d951840 sessions.messages.subscribe
conn_d0810d951840 chat.history
conn_d0810d951840 chat.history
conn_d0810d951840 progressCard.get
conn_d0810d951840 progressCard.get
preauth connect
preauth connect
preauth connect
Pairing request pair_a3fa2908a919 (scope-upgrade) from Pincer (7c9f69a3)
Pairing approved pair_a3fa2908a919
preauth connect
conn_d97ed1508b17 agents.list
conn_d97ed1508b17 sessions.subscribe
conn_d97ed1508b17 exec.approval.list
conn_d97ed1508b17 question.list
conn_d97ed1508b17 config.get
conn_d97ed1508b17 users.prefs.get
conn_d97ed1508b17 users.prefs.get
conn_d97ed1508b17 users.prefs.get
conn_d97ed1508b17 users.prefs.get
conn_d97ed1508b17 users.prefs.get
conn_d97ed1508b17 users.prefs.get
conn_d97ed1508b17 users.prefs.get
conn_d97ed1508b17 sessions.groups.list
conn_d97ed1508b17 cron.list
conn_d97ed1508b17 cron.status
conn_d97ed1508b17 cron.add
conn_d97ed1508b17 cron.update
conn_d97ed1508b17 cron.update
conn_d97ed1508b17 cron.update
conn_d97ed1508b17 cron.get
conn_d97ed1508b17 cron.run
conn_d97ed1508b17 cron.get
conn_d97ed1508b17 cron.runs
conn_d97ed1508b17 cron.list
conn_d97ed1508b17 cron.status
conn_d97ed1508b17 cron.runs
conn_d97ed1508b17 cron.list
conn_d97ed1508b17 cron.status
conn_d97ed1508b17 cron.runs
conn_d97ed1508b17 cron.remove
conn_d97ed1508b17 config.get
conn_d97ed1508b17 config.schema
conn_d97ed1508b17 plugins.list
conn_d97ed1508b17 config.patch
conn_d97ed1508b17 config.get
conn_d97ed1508b17 config.patch
conn_d97ed1508b17 config.get
conn_d97ed1508b17 config.patch
conn_d97ed1508b17 config.get
conn_d97ed1508b17 config.patch
conn_d97ed1508b17 config.get
conn_d97ed1508b17 cron.list
conn_d97ed1508b17 cron.status
preauth connect
conn_1c7c2d1e2a63 agents.list
conn_1c7c2d1e2a63 sessions.subscribe
conn_d97ed1508b17 chat.history
conn_1c7c2d1e2a63 exec.approval.list
conn_1c7c2d1e2a63 question.list
conn_1c7c2d1e2a63 config.get
conn_1c7c2d1e2a63 users.prefs.get
conn_1c7c2d1e2a63 users.prefs.get
conn_1c7c2d1e2a63 users.prefs.get
conn_1c7c2d1e2a63 users.prefs.get
conn_1c7c2d1e2a63 users.prefs.get
conn_1c7c2d1e2a63 users.prefs.get
conn_1c7c2d1e2a63 users.prefs.get
conn_1c7c2d1e2a63 sessions.groups.list
conn_1c7c2d1e2a63 skills.status
conn_1c7c2d1e2a63 config.get
conn_1c7c2d1e2a63 config.schema
conn_1c7c2d1e2a63 plugins.list
conn_1c7c2d1e2a63 agents.list
conn_1c7c2d1e2a63 health
conn_1c7c2d1e2a63 last-heartbeat
conn_1c7c2d1e2a63 system-presence
conn_1c7c2d1e2a63 sessions.messages.subscribe
conn_1c7c2d1e2a63 chat.history
conn_1c7c2d1e2a63 config.patch
conn_d97ed1508b17 chat.history
conn_1c7c2d1e2a63 config.get
conn_1c7c2d1e2a63 sessions.patch
conn_1c7c2d1e2a63 progressCard.get
conn_d97ed1508b17 config.patch
conn_d97ed1508b17 config.get
conn_d97ed1508b17 config.patch
conn_d97ed1508b17 config.get
conn_1c7c2d1e2a63 config.get
conn_1c7c2d1e2a63 config.schema
conn_1c7c2d1e2a63 plugins.list
conn_1c7c2d1e2a63 config.patch
conn_1c7c2d1e2a63 config.get
conn_d97ed1508b17 config.patch
conn_d97ed1508b17 config.get
conn_d97ed1508b17 plugins.inspect
conn_d97ed1508b17 config.patch
conn_d97ed1508b17 config.get
conn_d97ed1508b17 plugins.list
conn_d97ed1508b17 plugins.list
conn_d97ed1508b17 config.get
conn_d97ed1508b17 plugins.setEnabled
conn_d97ed1508b17 plugins.setEnabled
conn_d97ed1508b17 plugins.list
conn_d97ed1508b17 plugins.list
conn_d97ed1508b17 config.get
conn_d97ed1508b17 config.get
conn_d97ed1508b17 plugins.setEnabled
conn_d97ed1508b17 plugins.list
conn_d97ed1508b17 plugins.list
conn_d97ed1508b17 config.get
conn_d97ed1508b17 config.get
conn_d97ed1508b17 plugins.install
conn_d97ed1508b17 chat.history
conn_d97ed1508b17 plugins.list
conn_d97ed1508b17 plugins.list
conn_d97ed1508b17 config.get
conn_d97ed1508b17 config.get
conn_d97ed1508b17 plugins.install
conn_d97ed1508b17 plugins.install
conn_d97ed1508b17 plugins.list
conn_d97ed1508b17 plugins.list
conn_d97ed1508b17 config.get
conn_d97ed1508b17 config.get
conn_d97ed1508b17 plugins.uninstall
conn_d97ed1508b17 plugins.list
conn_d97ed1508b17 plugins.list
conn_d97ed1508b17 config.get
conn_d97ed1508b17 config.get
conn_d97ed1508b17 plugins.install
conn_d97ed1508b17 channels.pairing.list
conn_d97ed1508b17 channels.pairing.approve
conn_d97ed1508b17 channels.pairing.dismiss
conn_d97ed1508b17 channels.pairing.dismiss
conn_d97ed1508b17 channels.pairing.list
conn_d97ed1508b17 channels.pairing.list
conn_d97ed1508b17 sessions.messages.subscribe
conn_d97ed1508b17 chat.history
conn_d97ed1508b17 chat.history
conn_d97ed1508b17 sessions.compact
conn_d97ed1508b17 progressCard.get
conn_d97ed1508b17 chat.history
conn_d97ed1508b17 sessions.compact
conn_d97ed1508b17 sessions.compact
preauth connect
conn_12e5a71bc4ef agents.list
conn_12e5a71bc4ef sessions.subscribe
conn_12e5a71bc4ef exec.approval.list
conn_12e5a71bc4ef question.list
conn_12e5a71bc4ef config.get
conn_12e5a71bc4ef users.prefs.get
conn_12e5a71bc4ef users.prefs.get
conn_12e5a71bc4ef users.prefs.get
conn_12e5a71bc4ef users.prefs.get
conn_12e5a71bc4ef users.prefs.get
conn_12e5a71bc4ef users.prefs.get
conn_12e5a71bc4ef users.prefs.get
conn_12e5a71bc4ef sessions.groups.list
conn_12e5a71bc4ef exec.approvals.get
conn_12e5a71bc4ef skills.status
conn_12e5a71bc4ef agents.list
conn_12e5a71bc4ef health
conn_12e5a71bc4ef last-heartbeat
conn_12e5a71bc4ef system-presence
conn_12e5a71bc4ef sessions.messages.subscribe
conn_d97ed1508b17 sessions.messages.subscribe
conn_d97ed1508b17 exec.approvals.get
conn_d97ed1508b17 chat.history
conn_d97ed1508b17 exec.approvals.set
conn_d97ed1508b17 progressCard.get
preauth connect
conn_e86a4c957719 agents.list
conn_e86a4c957719 sessions.subscribe
conn_e86a4c957719 exec.approval.list
conn_e86a4c957719 question.list
conn_e86a4c957719 config.get
conn_e86a4c957719 users.prefs.get
conn_e86a4c957719 users.prefs.get
conn_e86a4c957719 users.prefs.get
conn_e86a4c957719 users.prefs.get
conn_e86a4c957719 users.prefs.get
conn_e86a4c957719 users.prefs.get
conn_e86a4c957719 users.prefs.get
conn_e86a4c957719 sessions.groups.list
conn_e86a4c957719 exec.approvals.get
conn_e86a4c957719 skills.status
conn_e86a4c957719 agents.list
conn_e86a4c957719 health
conn_e86a4c957719 last-heartbeat
conn_e86a4c957719 system-presence
conn_e86a4c957719 sessions.messages.subscribe
conn_e86a4c957719 exec.approvals.set
conn_e86a4c957719 chat.history
conn_d97ed1508b17 exec.approvals.set
conn_d97ed1508b17 exec.approvals.get
conn_d97ed1508b17 sessions.create
conn_d97ed1508b17 sessions.messages.subscribe
conn_d97ed1508b17 chat.history
conn_d97ed1508b17 chat.send
conn_d97ed1508b17 progressCard.get
conn_d97ed1508b17 exec.approval.resolve
conn_d97ed1508b17 exec.approvals.get
conn_d97ed1508b17 sessions.messages.subscribe
conn_d97ed1508b17 sessions.messages.subscribe
conn_d97ed1508b17 chat.history
conn_d97ed1508b17 chat.history
conn_d97ed1508b17 progressCard.get
conn_d97ed1508b17 progressCard.get
conn_d97ed1508b17 exec.approvals.set
conn_d97ed1508b17 exec.approvals.set
conn_d97ed1508b17 exec.approvals.set
conn_d97ed1508b17 exec.approvals.set
preauth connect
conn_54933bde18e0 agents.list
conn_54933bde18e0 sessions.subscribe
conn_54933bde18e0 exec.approval.list
conn_54933bde18e0 question.list
conn_54933bde18e0 config.get
conn_54933bde18e0 users.prefs.get
conn_54933bde18e0 users.prefs.get
conn_54933bde18e0 users.prefs.get
conn_54933bde18e0 users.prefs.get
conn_54933bde18e0 users.prefs.get
conn_54933bde18e0 users.prefs.get
conn_54933bde18e0 users.prefs.get
conn_54933bde18e0 sessions.groups.list
conn_54933bde18e0 agents.files.list
conn_54933bde18e0 skills.status
conn_54933bde18e0 agents.list
conn_54933bde18e0 health
conn_54933bde18e0 last-heartbeat
conn_54933bde18e0 system-presence
conn_54933bde18e0 sessions.messages.subscribe
conn_54933bde18e0 agents.create
conn_54933bde18e0 chat.history
conn_54933bde18e0 agents.files.get
conn_54933bde18e0 agents.files.set
conn_d97ed1508b17 chat.send
conn_54933bde18e0 progressCard.get
conn_54933bde18e0 chat.history
conn_54933bde18e0 chat.history
conn_54933bde18e0 chat.history
conn_54933bde18e0 chat.history
conn_54933bde18e0 chat.history
conn_54933bde18e0 chat.history
conn_54933bde18e0 chat.history
conn_54933bde18e0 chat.history
conn_54933bde18e0 chat.history
conn_54933bde18e0 chat.history
conn_54933bde18e0 chat.history
conn_54933bde18e0 chat.history
conn_54933bde18e0 chat.history
conn_54933bde18e0 chat.history
conn_54933bde18e0 chat.message.get
conn_54933bde18e0 chat.history
preauth connect
conn_0fecc673856c agents.list
conn_0fecc673856c sessions.subscribe
conn_0fecc673856c exec.approval.list
conn_0fecc673856c question.list
conn_0fecc673856c sessions.messages.subscribe
conn_0fecc673856c config.get
conn_0fecc673856c users.prefs.get
conn_0fecc673856c users.prefs.get
conn_0fecc673856c users.prefs.get
conn_0fecc673856c users.prefs.get
conn_0fecc673856c users.prefs.get
conn_0fecc673856c users.prefs.get
conn_0fecc673856c users.prefs.get
conn_0fecc673856c sessions.groups.list
conn_0fecc673856c chat.history
conn_0fecc673856c sessions.messages.subscribe
conn_0fecc673856c progressCard.get
conn_0fecc673856c chat.history
conn_0fecc673856c progressCard.get
conn_0fecc673856c sessions.messages.subscribe
conn_0fecc673856c chat.history
conn_0fecc673856c progressCard.get
conn_0fecc673856c agents.create
conn_0fecc673856c agents.list
conn_0fecc673856c config.get
conn_0fecc673856c agents.files.list
conn_0fecc673856c agents.create
conn_0fecc673856c agents.update
conn_0fecc673856c agents.list
conn_0fecc673856c config.get
conn_0fecc673856c agent.identity.get
conn_0fecc673856c agents.files.get
preauth connect
conn_59ef242868ac agents.list
conn_59ef242868ac sessions.subscribe
conn_59ef242868ac exec.approval.list
conn_59ef242868ac question.list
conn_59ef242868ac config.get
conn_59ef242868ac users.prefs.get
conn_59ef242868ac users.prefs.get
conn_59ef242868ac users.prefs.get
conn_59ef242868ac users.prefs.get
conn_59ef242868ac users.prefs.get
conn_59ef242868ac users.prefs.get
conn_59ef242868ac users.prefs.get
conn_59ef242868ac sessions.groups.list
conn_59ef242868ac skills.status
conn_59ef242868ac agents.list
conn_59ef242868ac health
conn_59ef242868ac last-heartbeat
conn_59ef242868ac system-presence
conn_59ef242868ac sessions.messages.subscribe
conn_0fecc673856c agents.files.get
conn_0fecc673856c agents.files.set
conn_0fecc673856c exec.approvals.get
conn_59ef242868ac chat.history
conn_59ef242868ac agents.files.get
conn_59ef242868ac agents.files.set
conn_0fecc673856c agents.files.set
conn_59ef242868ac progressCard.get
conn_0fecc673856c agents.files.get
conn_0fecc673856c agents.files.set
conn_59ef242868ac agents.files.get
conn_59ef242868ac agents.files.set
conn_0fecc673856c agents.files.set
conn_0fecc673856c agents.files.get
conn_0fecc673856c agents.files.get
conn_0fecc673856c agents.files.get
conn_59ef242868ac agents.files.get
conn_0fecc673856c agents.files.set
conn_59ef242868ac agents.files.set
conn_59ef242868ac agents.files.get
conn_0fecc673856c agents.files.get
conn_0fecc673856c agents.files.get
conn_0fecc673856c agents.files.set
conn_0fecc673856c agents.create
conn_0fecc673856c agents.list
conn_0fecc673856c config.get
conn_0fecc673856c agents.files.list
conn_0fecc673856c agents.files.get
conn_0fecc673856c agents.files.get
conn_0fecc673856c agents.files.get
conn_0fecc673856c agents.files.get
conn_0fecc673856c agents.files.set
conn_0fecc673856c agents.files.get
conn_0fecc673856c agents.files.get
conn_0fecc673856c agents.files.set
conn_0fecc673856c agents.files.get
conn_0fecc673856c agents.files.get
conn_0fecc673856c agents.files.get
conn_0fecc673856c agents.files.get
conn_0fecc673856c agents.files.set
conn_0fecc673856c agents.files.get
conn_0fecc673856c agents.files.get
conn_0fecc673856c sessions.create
conn_0fecc673856c agents.delete
conn_0fecc673856c sessions.messages.subscribe
conn_0fecc673856c agents.list
conn_0fecc673856c chat.history
conn_0fecc673856c config.get
conn_0fecc673856c progressCard.get
conn_0fecc673856c agents.delete
conn_0fecc673856c agents.list
conn_0fecc673856c config.get
conn_0fecc673856c agents.delete
preauth connect
conn_1b2573bc27e6 agents.list
conn_1b2573bc27e6 sessions.subscribe
conn_1b2573bc27e6 exec.approval.list
conn_1b2573bc27e6 question.list
conn_1b2573bc27e6 config.get
conn_1b2573bc27e6 users.prefs.get
conn_1b2573bc27e6 users.prefs.get
conn_1b2573bc27e6 users.prefs.get
conn_1b2573bc27e6 users.prefs.get
conn_1b2573bc27e6 users.prefs.get
conn_1b2573bc27e6 users.prefs.get
conn_1b2573bc27e6 users.prefs.get
conn_1b2573bc27e6 sessions.groups.list
conn_1b2573bc27e6 channels.status
conn_1b2573bc27e6 skills.status
conn_1b2573bc27e6 agents.list
conn_1b2573bc27e6 health
conn_1b2573bc27e6 system-presence
conn_1b2573bc27e6 last-heartbeat
conn_1b2573bc27e6 sessions.messages.subscribe
conn_0fecc673856c channels.status
conn_1b2573bc27e6 chat.history
conn_0fecc673856c channels.status
conn_0fecc673856c channels.stop
conn_0fecc673856c channels.status
conn_1b2573bc27e6 progressCard.get
conn_0fecc673856c health
conn_0fecc673856c last-heartbeat
conn_0fecc673856c channels.start
conn_0fecc673856c channels.status
conn_0fecc673856c health
conn_0fecc673856c last-heartbeat
conn_0fecc673856c channels.logout
conn_0fecc673856c channels.status
conn_0fecc673856c channels.start
conn_0fecc673856c channels.status
conn_0fecc673856c health
conn_0fecc673856c last-heartbeat
conn_0fecc673856c web.login.start
conn_0fecc673856c web.login.wait
conn_0fecc673856c web.login.wait
conn_1b2573bc27e6 chat.history
conn_1b2573bc27e6 chat.history
conn_1b2573bc27e6 chat.history
conn_1b2573bc27e6 chat.history
conn_1b2573bc27e6 chat.history
conn_1b2573bc27e6 chat.history
conn_1b2573bc27e6 chat.history
conn_1b2573bc27e6 chat.history
conn_1b2573bc27e6 chat.history
conn_1b2573bc27e6 chat.history
conn_1b2573bc27e6 chat.history
conn_1b2573bc27e6 chat.history
conn_1b2573bc27e6 chat.history
conn_1b2573bc27e6 chat.history
conn_1b2573bc27e6 chat.message.get
conn_1b2573bc27e6 chat.history
conn_0fecc673856c channels.status
conn_0fecc673856c health
conn_0fecc673856c last-heartbeat
conn_0fecc673856c channels.logout
conn_0fecc673856c channels.status
conn_0fecc673856c health
conn_0fecc673856c last-heartbeat
conn_0fecc673856c health
conn_0fecc673856c last-heartbeat
conn_0fecc673856c system-presence
conn_0fecc673856c channels.stop
conn_0fecc673856c channels.start
conn_0fecc673856c channels.status
conn_0fecc673856c health
conn_0fecc673856c last-heartbeat
conn_1b2573bc27e6 channels.status
preauth connect
conn_103cd0339671 agents.list
conn_103cd0339671 sessions.subscribe
conn_103cd0339671 exec.approval.list
conn_103cd0339671 question.list
conn_103cd0339671 config.get
conn_103cd0339671 users.prefs.get
conn_103cd0339671 users.prefs.get
conn_103cd0339671 users.prefs.get
conn_103cd0339671 users.prefs.get
conn_103cd0339671 users.prefs.get
conn_103cd0339671 users.prefs.get
conn_103cd0339671 users.prefs.get
conn_103cd0339671 sessions.groups.list
conn_103cd0339671 skills.status
conn_103cd0339671 agents.list
conn_103cd0339671 health
conn_103cd0339671 last-heartbeat
conn_103cd0339671 system-presence
conn_103cd0339671 sessions.messages.subscribe
conn_0fecc673856c device.pair.list
conn_0fecc673856c device.pair.approve
conn_103cd0339671 chat.history
conn_0fecc673856c device.pair.list
conn_0fecc673856c device.pair.approve
conn_0fecc673856c device.pair.list
conn_0fecc673856c device.pair.reject
conn_103cd0339671 progressCard.get
conn_0fecc673856c device.pair.rename
conn_0fecc673856c device.pair.list
conn_0fecc673856c device.pair.list
conn_0fecc673856c device.pair.remove
conn_0fecc673856c device.pair.list
conn_0fecc673856c device.pair.remove
conn_0fecc673856c device.pair.list
conn_0fecc673856c node.list
conn_0fecc673856c node.rename
conn_0fecc673856c node.list
conn_0fecc673856c node.pair.remove
conn_0fecc673856c node.list
conn_0fecc673856c node.list
conn_0fecc673856c device.pair.list
conn_0fecc673856c node.pair.remove
conn_0fecc673856c node.list
preauth connect
conn_c6a2babda0f8 agents.list
conn_c6a2babda0f8 sessions.subscribe
conn_c6a2babda0f8 exec.approval.list
conn_c6a2babda0f8 question.list
conn_c6a2babda0f8 skills.status
conn_c6a2babda0f8 config.get
conn_c6a2babda0f8 users.prefs.get
conn_c6a2babda0f8 users.prefs.get
conn_c6a2babda0f8 users.prefs.get
conn_c6a2babda0f8 users.prefs.get
conn_c6a2babda0f8 users.prefs.get
conn_c6a2babda0f8 users.prefs.get
conn_c6a2babda0f8 users.prefs.get
conn_c6a2babda0f8 sessions.groups.list
conn_c6a2babda0f8 skills.status
conn_c6a2babda0f8 skills.update
conn_c6a2babda0f8 agents.list
conn_c6a2babda0f8 health
conn_c6a2babda0f8 system-presence
conn_c6a2babda0f8 last-heartbeat
conn_c6a2babda0f8 sessions.messages.subscribe
conn_0fecc673856c skills.status
conn_c6a2babda0f8 chat.history
conn_0fecc673856c skills.status
conn_0fecc673856c skills.status
conn_c6a2babda0f8 progressCard.get
conn_0fecc673856c skills.update
conn_0fecc673856c skills.status
conn_0fecc673856c skills.update
conn_0fecc673856c skills.status
conn_0fecc673856c skills.install
conn_0fecc673856c skills.status
conn_0fecc673856c skills.search
conn_0fecc673856c skills.install
conn_0fecc673856c skills.status
conn_0fecc673856c skills.search
conn_0fecc673856c skills.detail
conn_0fecc673856c skills.update
conn_0fecc673856c skills.status
conn_0fecc673856c skills.update
conn_0fecc673856c skills.update
conn_0fecc673856c skills.status
conn_0fecc673856c tools.catalog
conn_0fecc673856c tools.effective
conn_0fecc673856c tools.catalog
conn_0fecc673856c tools.effective
conn_0fecc673856c tools.catalog
conn_0fecc673856c tools.effective
conn_0fecc673856c logs.tail
conn_0fecc673856c logs.tail
conn_0fecc673856c chat.send
conn_0fecc673856c logs.tail
conn_0fecc673856c chat.send
conn_0fecc673856c logs.tail
conn_0fecc673856c chat.send
conn_0fecc673856c logs.tail
conn_0fecc673856c chat.send
conn_0fecc673856c logs.tail
conn_0fecc673856c logs.tail
conn_0fecc673856c logs.tail
conn_0fecc673856c sessions.messages.subscribe
conn_0fecc673856c sessions.messages.subscribe
conn_0fecc673856c chat.history
conn_0fecc673856c chat.history
conn_0fecc673856c progressCard.get
conn_0fecc673856c progressCard.get
conn_0fecc673856c sessions.messages.subscribe
conn_0fecc673856c sessions.messages.subscribe
conn_0fecc673856c chat.history
conn_0fecc673856c chat.history
conn_0fecc673856c progressCard.get
conn_0fecc673856c progressCard.get
conn_0fecc673856c sessions.messages.subscribe
conn_0fecc673856c sessions.messages.subscribe
conn_0fecc673856c chat.history
conn_0fecc673856c chat.history
conn_0fecc673856c sessions.messages.subscribe
conn_0fecc673856c sessions.messages.subscribe
conn_0fecc673856c progressCard.get
conn_0fecc673856c chat.history
conn_0fecc673856c chat.history
conn_0fecc673856c progressCard.get
conn_0fecc673856c progressCard.get
conn_0fecc673856c progressCard.get
conn_0fecc673856c health
conn_0fecc673856c last-heartbeat
conn_0fecc673856c system-presence
preauth connect
conn_2243605010ba agents.list
conn_2243605010ba sessions.subscribe
conn_2243605010ba exec.approval.list
conn_2243605010ba question.list
conn_2243605010ba config.get
conn_2243605010ba users.prefs.get
conn_2243605010ba users.prefs.get
conn_2243605010ba users.prefs.get
conn_2243605010ba users.prefs.get
conn_2243605010ba users.prefs.get
conn_2243605010ba users.prefs.get
conn_2243605010ba users.prefs.get
conn_2243605010ba sessions.groups.list
conn_2243605010ba skills.status
conn_2243605010ba health
conn_2243605010ba last-heartbeat
conn_2243605010ba system-presence
conn_2243605010ba agents.list
conn_2243605010ba health
conn_2243605010ba last-heartbeat
conn_2243605010ba system-presence
conn_2243605010ba sessions.messages.subscribe
conn_2243605010ba chat.history
conn_0fecc673856c users.prefs.set
conn_2243605010ba sessions.patch
conn_2243605010ba progressCard.get
conn_0fecc673856c users.prefs.get
conn_0fecc673856c users.prefs.set
conn_2243605010ba users.prefs.get
conn_0fecc673856c users.prefs.get
conn_2243605010ba users.prefs.set
conn_2243605010ba users.prefs.get
conn_0fecc673856c users.prefs.get
conn_0fecc673856c gateway.restart.request
Simulated restart (Pincer: Restart Gateway); back in 1500 ms
preauth connect
conn_765c52b5e245 agents.list
conn_765c52b5e245 config.get
conn_765c52b5e245 config.schema
conn_765c52b5e245 plugins.list
conn_765c52b5e245 last-heartbeat
conn_765c52b5e245 health
conn_765c52b5e245 system-presence
conn_765c52b5e245 sessions.subscribe
conn_765c52b5e245 exec.approval.list
conn_765c52b5e245 question.list
conn_765c52b5e245 sessions.messages.subscribe
conn_765c52b5e245 config.get
conn_765c52b5e245 users.prefs.get
conn_765c52b5e245 users.prefs.get
conn_765c52b5e245 users.prefs.get
conn_765c52b5e245 users.prefs.get
conn_765c52b5e245 users.prefs.get
conn_765c52b5e245 users.prefs.get
conn_765c52b5e245 users.prefs.get
conn_765c52b5e245 sessions.groups.list
conn_765c52b5e245 chat.history
conn_765c52b5e245 sessions.messages.subscribe
conn_765c52b5e245 progressCard.get
conn_765c52b5e245 chat.history
conn_765c52b5e245 sessions.messages.subscribe
conn_765c52b5e245 chat.history
conn_765c52b5e245 sessions.messages.subscribe
conn_765c52b5e245 progressCard.get
conn_765c52b5e245 chat.history
conn_765c52b5e245 progressCard.get
preauth connect
preauth connect
conn_48b044913910 agents.list
conn_48b044913910 sessions.subscribe
conn_f73188f53483 agents.list
conn_f73188f53483 sessions.subscribe
conn_48b044913910 exec.approval.list
conn_f73188f53483 exec.approval.list
conn_48b044913910 question.list
conn_f73188f53483 question.list
conn_48b044913910 config.get
conn_48b044913910 users.prefs.get
conn_48b044913910 users.prefs.get
conn_48b044913910 users.prefs.get
conn_48b044913910 users.prefs.get
conn_48b044913910 users.prefs.get
conn_48b044913910 users.prefs.get
conn_48b044913910 sessions.groups.list
conn_48b044913910 users.prefs.get
conn_48b044913910 skills.status
conn_48b044913910 agents.list
conn_48b044913910 health
conn_48b044913910 last-heartbeat
conn_48b044913910 system-presence
conn_48b044913910 sessions.messages.subscribe
conn_f73188f53483 config.get
conn_f73188f53483 users.prefs.get
conn_f73188f53483 users.prefs.get
conn_f73188f53483 users.prefs.get
conn_f73188f53483 users.prefs.get
conn_f73188f53483 users.prefs.get
conn_f73188f53483 users.prefs.get
conn_f73188f53483 users.prefs.get
conn_f73188f53483 sessions.groups.list
conn_f73188f53483 skills.status
conn_f73188f53483 agents.list
conn_f73188f53483 health
conn_f73188f53483 last-heartbeat
conn_f73188f53483 system-presence
conn_f73188f53483 sessions.messages.subscribe
conn_48b044913910 chat.history
conn_f73188f53483 chat.history
conn_48b044913910 progressCard.get
conn_f73188f53483 progressCard.get
conn_f73188f53483 chat.send
conn_f73188f53483 sessions.messages.subscribe
conn_f73188f53483 chat.history
conn_f73188f53483 chat.message.get
conn_f73188f53483 progressCard.get
conn_48b044913910 chat.history
conn_f73188f53483 chat.history
conn_48b044913910 chat.history
conn_48b044913910 chat.history
conn_f73188f53483 chat.history
conn_48b044913910 chat.history
conn_f73188f53483 chat.history
conn_48b044913910 chat.history
conn_f73188f53483 chat.history
conn_48b044913910 chat.history
conn_f73188f53483 chat.history
conn_48b044913910 chat.history
conn_f73188f53483 chat.history
conn_48b044913910 chat.history
conn_f73188f53483 chat.history
conn_48b044913910 chat.history
conn_f73188f53483 chat.history
conn_48b044913910 chat.history
conn_f73188f53483 chat.history
conn_48b044913910 chat.history
conn_f73188f53483 chat.history
conn_48b044913910 chat.history
conn_f73188f53483 chat.history
conn_48b044913910 chat.history
conn_48b044913910 chat.history
conn_48b044913910 chat.message.get
conn_48b044913910 chat.history
conn_f73188f53483 sessions.messages.subscribe
conn_f73188f53483 sessions.messages.subscribe
conn_f73188f53483 chat.history
conn_f73188f53483 chat.history
conn_f73188f53483 progressCard.get
conn_f73188f53483 chat.history
conn_f73188f53483 progressCard.get
conn_f73188f53483 chat.history
conn_f73188f53483 sessions.messages.subscribe
conn_f73188f53483 chat.history
conn_f73188f53483 sessions.create
conn_f73188f53483 progressCard.get
conn_f73188f53483 chat.send
conn_f73188f53483 sessions.messages.subscribe
conn_f73188f53483 sessions.messages.subscribe
conn_f73188f53483 chat.history
conn_f73188f53483 chat.history
conn_f73188f53483 progressCard.get
conn_f73188f53483 progressCard.get
conn_f73188f53483 sessions.messages.subscribe
conn_f73188f53483 chat.history
conn_f73188f53483 sessions.create
conn_f73188f53483 progressCard.get
conn_f73188f53483 chat.send
conn_48b044913910 chat.send
conn_f73188f53483 sessions.messages.subscribe
conn_48b044913910 chat.send
conn_f73188f53483 chat.history
conn_48b044913910 sessions.create
conn_48b044913910 chat.send
conn_f73188f53483 progressCard.get
conn_48b044913910 chat.send
conn_f73188f53483 sessions.messages.subscribe
conn_f73188f53483 sessions.messages.subscribe
conn_f73188f53483 chat.history
conn_f73188f53483 chat.history
conn_48b044913910 sessions.messages.subscribe
conn_48b044913910 chat.history
conn_f73188f53483 sessions.messages.subscribe
conn_f73188f53483 progressCard.get
conn_f73188f53483 progressCard.get
conn_f73188f53483 sessions.messages.subscribe
conn_48b044913910 sessions.messages.subscribe
conn_f73188f53483 chat.history
conn_f73188f53483 chat.history
conn_48b044913910 sessions.messages.subscribe
conn_48b044913910 chat.history
conn_48b044913910 chat.history
conn_48b044913910 progressCard.get
conn_48b044913910 chat.history
conn_48b044913910 progressCard.get
conn_48b044913910 progressCard.get
conn_f73188f53483 progressCard.get
conn_f73188f53483 progressCard.get
conn_48b044913910 chat.history
conn_48b044913910 sessions.messages.subscribe
conn_48b044913910 chat.history
conn_48b044913910 progressCard.get
conn_48b044913910 sessions.messages.subscribe
conn_48b044913910 chat.history
conn_48b044913910 sessions.patch
conn_48b044913910 progressCard.get
conn_f73188f53483 chat.send
preauth connect
conn_60f1dc572c99 agents.list
conn_60f1dc572c99 sessions.subscribe
conn_60f1dc572c99 exec.approval.list
conn_60f1dc572c99 question.list
conn_60f1dc572c99 sessions.messages.subscribe
conn_60f1dc572c99 config.get
conn_60f1dc572c99 users.prefs.get
conn_60f1dc572c99 users.prefs.get
conn_60f1dc572c99 users.prefs.get
conn_60f1dc572c99 users.prefs.get
conn_60f1dc572c99 users.prefs.get
conn_60f1dc572c99 users.prefs.get
conn_60f1dc572c99 users.prefs.get
conn_60f1dc572c99 sessions.groups.list
conn_60f1dc572c99 chat.history
conn_60f1dc572c99 sessions.messages.subscribe
conn_60f1dc572c99 progressCard.get
conn_60f1dc572c99 chat.history
conn_60f1dc572c99 sessions.messages.subscribe
conn_60f1dc572c99 progressCard.get
conn_60f1dc572c99 chat.history
conn_60f1dc572c99 sessions.messages.subscribe
conn_60f1dc572c99 progressCard.get
conn_60f1dc572c99 chat.history
conn_60f1dc572c99 sessions.messages.subscribe
conn_60f1dc572c99 progressCard.get
conn_60f1dc572c99 chat.history
conn_60f1dc572c99 progressCard.get
conn_60f1dc572c99 chat.send
conn_60f1dc572c99 sessions.messages.subscribe
conn_60f1dc572c99 sessions.messages.subscribe
conn_48b044913910 sessions.messages.subscribe
conn_48b044913910 sessions.messages.subscribe
conn_60f1dc572c99 chat.history
conn_60f1dc572c99 chat.history
conn_48b044913910 chat.history
conn_48b044913910 chat.history
conn_60f1dc572c99 progressCard.get
conn_48b044913910 progressCard.get
conn_60f1dc572c99 progressCard.get
conn_48b044913910 progressCard.get
conn_60f1dc572c99 sessions.messages.subscribe
conn_60f1dc572c99 chat.history
conn_60f1dc572c99 progressCard.get
preauth connect
conn_85b9a8fe3f4a agents.list
conn_85b9a8fe3f4a sessions.subscribe
conn_85b9a8fe3f4a exec.approval.list
conn_85b9a8fe3f4a question.list
conn_85b9a8fe3f4a push.web.subscribe
conn_85b9a8fe3f4a config.get
conn_85b9a8fe3f4a users.prefs.get
conn_85b9a8fe3f4a users.prefs.get
conn_85b9a8fe3f4a users.prefs.get
conn_85b9a8fe3f4a users.prefs.get
conn_85b9a8fe3f4a users.prefs.get
conn_85b9a8fe3f4a users.prefs.get
conn_85b9a8fe3f4a users.prefs.get
conn_85b9a8fe3f4a sessions.groups.list
conn_85b9a8fe3f4a skills.status
conn_85b9a8fe3f4a agents.list
conn_85b9a8fe3f4a health
conn_85b9a8fe3f4a system-presence
conn_85b9a8fe3f4a last-heartbeat
conn_85b9a8fe3f4a sessions.messages.subscribe
conn_85b9a8fe3f4a chat.history
conn_85b9a8fe3f4a progressCard.get
conn_85b9a8fe3f4a chat.send
conn_85b9a8fe3f4a chat.history
conn_85b9a8fe3f4a chat.history
conn_85b9a8fe3f4a chat.history
conn_85b9a8fe3f4a chat.history
conn_85b9a8fe3f4a chat.history
conn_85b9a8fe3f4a chat.history
conn_85b9a8fe3f4a chat.history
conn_85b9a8fe3f4a chat.history
conn_85b9a8fe3f4a chat.history
conn_85b9a8fe3f4a chat.history
conn_85b9a8fe3f4a chat.history
conn_85b9a8fe3f4a chat.history
conn_85b9a8fe3f4a chat.history
conn_85b9a8fe3f4a chat.history
conn_85b9a8fe3f4a chat.history
conn_85b9a8fe3f4a chat.history
conn_85b9a8fe3f4a chat.message.get
conn_85b9a8fe3f4a chat.history
conn_85b9a8fe3f4a sessions.messages.subscribe
conn_85b9a8fe3f4a sessions.messages.subscribe
conn_85b9a8fe3f4a chat.history
conn_85b9a8fe3f4a chat.history
conn_85b9a8fe3f4a progressCard.get
conn_85b9a8fe3f4a progressCard.get
conn_85b9a8fe3f4a sessions.messages.subscribe
conn_85b9a8fe3f4a chat.history
conn_85b9a8fe3f4a chat.send
conn_85b9a8fe3f4a progressCard.get
conn_85b9a8fe3f4a sessions.messages.subscribe
conn_85b9a8fe3f4a sessions.messages.subscribe
conn_85b9a8fe3f4a chat.history
conn_85b9a8fe3f4a chat.history
conn_85b9a8fe3f4a progressCard.get
conn_85b9a8fe3f4a progressCard.get
conn_85b9a8fe3f4a sessions.messages.subscribe
conn_85b9a8fe3f4a chat.history
conn_85b9a8fe3f4a progressCard.get
conn_85b9a8fe3f4a sessions.messages.subscribe
conn_85b9a8fe3f4a chat.history
conn_85b9a8fe3f4a progressCard.get
preauth connect
conn_24ddc5915b92 agents.list
conn_24ddc5915b92 sessions.subscribe
conn_24ddc5915b92 exec.approval.list
conn_24ddc5915b92 question.list
conn_24ddc5915b92 config.get
conn_24ddc5915b92 users.prefs.get
conn_24ddc5915b92 users.prefs.get
conn_24ddc5915b92 users.prefs.get
conn_24ddc5915b92 users.prefs.get
conn_24ddc5915b92 users.prefs.get
conn_24ddc5915b92 users.prefs.get
conn_24ddc5915b92 users.prefs.get
conn_24ddc5915b92 sessions.groups.list
conn_24ddc5915b92 skills.status
conn_24ddc5915b92 agents.list
conn_24ddc5915b92 health
conn_24ddc5915b92 last-heartbeat
conn_24ddc5915b92 system-presence
conn_24ddc5915b92 sessions.messages.subscribe
conn_24ddc5915b92 sessions.messages.subscribe
conn_24ddc5915b92 chat.history
conn_24ddc5915b92 chat.history
conn_24ddc5915b92 sessions.patch
conn_24ddc5915b92 progressCard.get
conn_24ddc5915b92 progressCard.get
conn_24ddc5915b92 chat.history
conn_24ddc5915b92 chat.history
conn_85b9a8fe3f4a sessions.messages.subscribe
conn_85b9a8fe3f4a chat.history
conn_85b9a8fe3f4a progressCard.get
preauth connect
conn_f6d61d09f44e agents.list
conn_f6d61d09f44e sessions.subscribe
conn_f6d61d09f44e exec.approval.list
conn_f6d61d09f44e question.list
conn_f6d61d09f44e config.get
conn_f6d61d09f44e users.prefs.get
conn_f6d61d09f44e users.prefs.get
conn_f6d61d09f44e users.prefs.get
conn_f6d61d09f44e users.prefs.get
conn_f6d61d09f44e users.prefs.get
conn_f6d61d09f44e users.prefs.get
conn_f6d61d09f44e users.prefs.get
conn_f6d61d09f44e sessions.groups.list
conn_f6d61d09f44e skills.status
conn_f6d61d09f44e agents.list
conn_f6d61d09f44e health
conn_f6d61d09f44e last-heartbeat
conn_f6d61d09f44e system-presence
conn_f6d61d09f44e sessions.messages.subscribe
conn_85b9a8fe3f4a message.action
conn_85b9a8fe3f4a users.prefs.set
conn_85b9a8fe3f4a users.prefs.get
conn_f6d61d09f44e chat.history
conn_85b9a8fe3f4a users.prefs.set
conn_85b9a8fe3f4a users.prefs.get
conn_f6d61d09f44e users.prefs.get
conn_f6d61d09f44e progressCard.get
conn_f6d61d09f44e chat.history
conn_f6d61d09f44e chat.history
conn_f6d61d09f44e chat.history
conn_f6d61d09f44e chat.history
conn_f6d61d09f44e chat.history
conn_f6d61d09f44e chat.history
conn_f6d61d09f44e chat.history
conn_f6d61d09f44e chat.history
conn_f6d61d09f44e chat.history
conn_f6d61d09f44e chat.history
conn_f6d61d09f44e chat.history
conn_f6d61d09f44e chat.history
conn_f6d61d09f44e chat.history
conn_f6d61d09f44e chat.history
conn_f6d61d09f44e chat.history
conn_f6d61d09f44e chat.history
conn_f6d61d09f44e chat.message.get
conn_f6d61d09f44e chat.history
conn_f6d61d09f44e sessions.messages.subscribe
conn_f6d61d09f44e chat.history
conn_f6d61d09f44e progressCard.get
conn_f6d61d09f44e message.action
conn_f6d61d09f44e users.prefs.set
conn_f6d61d09f44e users.prefs.get
conn_85b9a8fe3f4a users.prefs.get
conn_85b9a8fe3f4a users.prefs.set
conn_85b9a8fe3f4a users.prefs.get
conn_85b9a8fe3f4a users.prefs.set
conn_f6d61d09f44e users.prefs.get
conn_85b9a8fe3f4a users.prefs.get
conn_85b9a8fe3f4a users.prefs.set
conn_f6d61d09f44e users.prefs.get
conn_85b9a8fe3f4a users.prefs.get
preauth connect
conn_d1fadbb8f46b agents.list
conn_d1fadbb8f46b sessions.subscribe
conn_d1fadbb8f46b exec.approval.list
conn_d1fadbb8f46b question.list
conn_d1fadbb8f46b push.web.subscribe
conn_d1fadbb8f46b config.get
conn_d1fadbb8f46b users.prefs.get
conn_d1fadbb8f46b users.prefs.get
conn_d1fadbb8f46b users.prefs.get
conn_d1fadbb8f46b users.prefs.get
conn_d1fadbb8f46b users.prefs.get
conn_d1fadbb8f46b users.prefs.get
conn_d1fadbb8f46b users.prefs.get
conn_d1fadbb8f46b sessions.groups.list
conn_d1fadbb8f46b skills.status
conn_d1fadbb8f46b agents.list
conn_d1fadbb8f46b health
conn_d1fadbb8f46b last-heartbeat
conn_d1fadbb8f46b system-presence
conn_d1fadbb8f46b sessions.messages.subscribe
conn_d1fadbb8f46b chat.history
conn_d1fadbb8f46b progressCard.get
conn_d1fadbb8f46b chat.history
conn_d1fadbb8f46b chat.history
conn_d1fadbb8f46b chat.history
conn_d1fadbb8f46b chat.history
conn_d1fadbb8f46b chat.history
conn_d1fadbb8f46b chat.history
conn_d1fadbb8f46b chat.history
conn_d1fadbb8f46b chat.history
conn_d1fadbb8f46b chat.history
conn_d1fadbb8f46b chat.history
conn_d1fadbb8f46b chat.history
conn_d1fadbb8f46b chat.history
conn_d1fadbb8f46b chat.history
conn_d1fadbb8f46b chat.history
conn_d1fadbb8f46b chat.history
conn_d1fadbb8f46b chat.history
conn_d1fadbb8f46b chat.message.get
conn_d1fadbb8f46b chat.history
preauth connect
conn_be75ea7efd03 agents.list
conn_be75ea7efd03 sessions.subscribe
conn_be75ea7efd03 exec.approval.list
conn_be75ea7efd03 question.list
conn_be75ea7efd03 push.web.subscribe
conn_be75ea7efd03 config.get
conn_be75ea7efd03 users.prefs.get
conn_be75ea7efd03 users.prefs.get
conn_be75ea7efd03 users.prefs.get
conn_be75ea7efd03 users.prefs.get
conn_be75ea7efd03 users.prefs.get
conn_be75ea7efd03 users.prefs.get
conn_be75ea7efd03 users.prefs.get
conn_be75ea7efd03 sessions.groups.list
conn_be75ea7efd03 sessions.messages.subscribe
conn_be75ea7efd03 chat.history
conn_be75ea7efd03 progressCard.get
preauth connect
conn_8a77ab9421da agents.list
conn_8a77ab9421da sessions.subscribe
conn_8a77ab9421da exec.approval.list
conn_8a77ab9421da question.list
conn_8a77ab9421da push.web.subscribe
conn_8a77ab9421da config.get
conn_8a77ab9421da users.prefs.get
conn_8a77ab9421da users.prefs.get
conn_8a77ab9421da users.prefs.get
conn_8a77ab9421da users.prefs.get
conn_8a77ab9421da users.prefs.get
conn_8a77ab9421da users.prefs.get
conn_8a77ab9421da users.prefs.get
conn_8a77ab9421da sessions.groups.list
conn_8a77ab9421da skills.status
conn_8a77ab9421da agents.list
conn_8a77ab9421da health
conn_8a77ab9421da last-heartbeat
conn_8a77ab9421da system-presence
conn_8a77ab9421da sessions.messages.subscribe
conn_8a77ab9421da chat.history
conn_8a77ab9421da progressCard.get
conn_8a77ab9421da chat.history
conn_8a77ab9421da chat.history
conn_8a77ab9421da chat.history
conn_8a77ab9421da chat.history
conn_8a77ab9421da chat.history
conn_8a77ab9421da chat.history
conn_8a77ab9421da chat.history
conn_8a77ab9421da chat.history
conn_8a77ab9421da chat.history
conn_8a77ab9421da chat.history
conn_8a77ab9421da chat.history
conn_8a77ab9421da chat.history
conn_8a77ab9421da chat.history
conn_8a77ab9421da chat.history
conn_8a77ab9421da chat.history
conn_8a77ab9421da chat.history
conn_8a77ab9421da chat.message.get
conn_8a77ab9421da chat.history
conn_8a77ab9421da push.web.unsubscribe
preauth connect
conn_c44bdaf02006 agents.list
conn_c44bdaf02006 sessions.subscribe
conn_c44bdaf02006 exec.approval.list
conn_c44bdaf02006 question.list
conn_c44bdaf02006 push.web.subscribe
conn_c44bdaf02006 config.get
conn_c44bdaf02006 users.prefs.get
conn_c44bdaf02006 users.prefs.get
conn_c44bdaf02006 users.prefs.get
conn_c44bdaf02006 users.prefs.get
conn_c44bdaf02006 users.prefs.get
conn_c44bdaf02006 users.prefs.get
conn_c44bdaf02006 users.prefs.get
conn_c44bdaf02006 sessions.groups.list
conn_c44bdaf02006 skills.status
conn_c44bdaf02006 agents.list
conn_c44bdaf02006 health
conn_c44bdaf02006 last-heartbeat
conn_c44bdaf02006 system-presence
conn_c44bdaf02006 sessions.messages.subscribe
conn_c44bdaf02006 chat.history
conn_c44bdaf02006 sessions.create
conn_c44bdaf02006 chat.send
conn_c44bdaf02006 progressCard.get
conn_c44bdaf02006 sessions.messages.subscribe
preauth connect
conn_d4dd4f026e31 agents.list
conn_d4dd4f026e31 sessions.subscribe
conn_d4dd4f026e31 exec.approval.list
conn_d4dd4f026e31 question.list
conn_d4dd4f026e31 push.web.subscribe
conn_d4dd4f026e31 config.get
conn_d4dd4f026e31 users.prefs.get
conn_d4dd4f026e31 users.prefs.get
conn_d4dd4f026e31 users.prefs.get
conn_d4dd4f026e31 users.prefs.get
conn_d4dd4f026e31 users.prefs.get
conn_d4dd4f026e31 users.prefs.get
conn_d4dd4f026e31 users.prefs.get
conn_d4dd4f026e31 sessions.groups.list
conn_d4dd4f026e31 skills.status
conn_d4dd4f026e31 agents.list
conn_d4dd4f026e31 health
conn_d4dd4f026e31 last-heartbeat
conn_d4dd4f026e31 system-presence
preauth connect
conn_3c200ed834ac agents.list
conn_3c200ed834ac sessions.subscribe
conn_3c200ed834ac exec.approval.list
conn_3c200ed834ac question.list
conn_3c200ed834ac push.web.subscribe
conn_3c200ed834ac config.get
conn_3c200ed834ac users.prefs.get
conn_3c200ed834ac users.prefs.get
conn_3c200ed834ac users.prefs.get
conn_3c200ed834ac users.prefs.get
conn_3c200ed834ac users.prefs.get
conn_3c200ed834ac users.prefs.get
conn_3c200ed834ac users.prefs.get
conn_3c200ed834ac sessions.groups.list
conn_3c200ed834ac skills.status
conn_3c200ed834ac agents.list
conn_3c200ed834ac last-heartbeat
conn_3c200ed834ac health
conn_3c200ed834ac system-presence
conn_3c200ed834ac sessions.messages.subscribe
conn_3c200ed834ac chat.history
preauth connect
conn_d5b64044b01a agents.list
conn_d5b64044b01a sessions.subscribe
conn_d5b64044b01a exec.approval.list
conn_d5b64044b01a question.list
conn_d5b64044b01a push.web.subscribe
conn_d5b64044b01a config.get
conn_d5b64044b01a users.prefs.get
conn_d5b64044b01a users.prefs.get
conn_d5b64044b01a users.prefs.get
conn_d5b64044b01a users.prefs.get
conn_d5b64044b01a users.prefs.get
conn_d5b64044b01a users.prefs.get
conn_d5b64044b01a users.prefs.get
conn_d5b64044b01a sessions.groups.list
conn_d5b64044b01a skills.status
conn_d5b64044b01a agents.list
conn_d5b64044b01a health
conn_d5b64044b01a last-heartbeat
conn_d5b64044b01a system-presence
conn_d5b64044b01a sessions.messages.subscribe
conn_d5b64044b01a chat.history
conn_d5b64044b01a progressCard.get
conn_d5b64044b01a sessions.messages.subscribe
conn_d5b64044b01a chat.history
conn_d5b64044b01a progressCard.get
conn_d5b64044b01a sessions.patch
conn_d5b64044b01a push.web.unsubscribe
preauth connect
conn_1546279413cd agents.list
conn_1546279413cd sessions.subscribe
conn_1546279413cd exec.approval.list
conn_1546279413cd question.list
conn_1546279413cd config.get
conn_1546279413cd users.prefs.get
conn_1546279413cd users.prefs.get
conn_1546279413cd users.prefs.get
conn_1546279413cd users.prefs.get
conn_1546279413cd users.prefs.get
conn_1546279413cd users.prefs.get
conn_1546279413cd users.prefs.get
conn_1546279413cd sessions.groups.list
conn_1546279413cd skills.status
conn_1546279413cd agents.list
conn_1546279413cd health
conn_1546279413cd last-heartbeat
conn_1546279413cd system-presence
conn_1546279413cd sessions.messages.subscribe
conn_1546279413cd sessions.messages.subscribe
conn_1546279413cd chat.history
conn_1546279413cd chat.history
conn_1546279413cd chat.send
conn_1546279413cd progressCard.get
conn_1546279413cd progressCard.get
conn_1546279413cd chat.history
conn_1546279413cd chat.history
conn_1546279413cd chat.history
conn_1546279413cd chat.history
conn_1546279413cd chat.history
conn_1546279413cd chat.history
conn_1546279413cd chat.history
conn_1546279413cd chat.history
conn_1546279413cd chat.history
conn_1546279413cd chat.history
conn_1546279413cd chat.history
conn_1546279413cd chat.history
conn_1546279413cd chat.history
conn_1546279413cd chat.history
conn_1546279413cd chat.history
conn_1546279413cd chat.history
conn_1546279413cd chat.message.get
conn_1546279413cd chat.history
conn_1546279413cd sessions.messages.subscribe
conn_1546279413cd sessions.messages.subscribe
conn_1546279413cd chat.history
conn_1546279413cd chat.history
conn_1546279413cd progressCard.get
conn_1546279413cd progressCard.get
preauth connect
conn_c8243a4b288e agents.list
conn_c8243a4b288e sessions.subscribe
conn_c8243a4b288e exec.approval.list
conn_c8243a4b288e question.list
conn_c8243a4b288e config.get
conn_c8243a4b288e users.prefs.get
conn_c8243a4b288e users.prefs.get
conn_c8243a4b288e users.prefs.get
conn_c8243a4b288e users.prefs.get
conn_c8243a4b288e users.prefs.get
conn_c8243a4b288e users.prefs.get
conn_c8243a4b288e users.prefs.get
conn_c8243a4b288e sessions.groups.list
conn_c8243a4b288e skills.status
conn_c8243a4b288e agents.list
conn_c8243a4b288e last-heartbeat
conn_c8243a4b288e health
conn_c8243a4b288e system-presence
conn_c8243a4b288e sessions.messages.subscribe
preauth connect
conn_c8243a4b288e chat.history
conn_c8243a4b288e progressCard.get
conn_b3f7d88f1930 agent.identity.get
conn_b3f7d88f1930 agent.identity.get
conn_b3f7d88f1930 agent.identity.get
conn_b3f7d88f1930 agent.identity.get
conn_b3f7d88f1930 agent.identity.get
conn_c8243a4b288e sessions.messages.subscribe
conn_c8243a4b288e chat.history
conn_c8243a4b288e chat.send
conn_c8243a4b288e chat.message.get
conn_c8243a4b288e progressCard.get
conn_c8243a4b288e chat.history
conn_c8243a4b288e chat.history
conn_c8243a4b288e chat.history
conn_c8243a4b288e chat.history
conn_c8243a4b288e chat.history
conn_c8243a4b288e chat.history
conn_c8243a4b288e chat.history
conn_c8243a4b288e chat.history
conn_c8243a4b288e chat.history
conn_c8243a4b288e chat.history
conn_c8243a4b288e chat.history
conn_c8243a4b288e chat.history
conn_c8243a4b288e chat.history
conn_c8243a4b288e chat.history
conn_c8243a4b288e chat.history
conn_c8243a4b288e chat.history
conn_c8243a4b288e chat.history
conn_c8243a4b288e sessions.messages.subscribe
conn_c8243a4b288e sessions.messages.subscribe
conn_c8243a4b288e chat.history
conn_c8243a4b288e chat.history
conn_c8243a4b288e progressCard.get
conn_c8243a4b288e progressCard.get
conn_c8243a4b288e chat.send
conn_c8243a4b288e sessions.messages.subscribe
conn_c8243a4b288e sessions.messages.subscribe
conn_c8243a4b288e chat.history
conn_c8243a4b288e chat.history
conn_c8243a4b288e progressCard.get
conn_c8243a4b288e progressCard.get
conn_c8243a4b288e chat.send
conn_c8243a4b288e sessions.messages.subscribe
conn_c8243a4b288e chat.history
conn_c8243a4b288e sessions.messages.subscribe
conn_c8243a4b288e chat.history
conn_c8243a4b288e progressCard.get
conn_c8243a4b288e progressCard.get
conn_c8243a4b288e exec.approval.resolve
conn_c8243a4b288e chat.send
conn_c8243a4b288e sessions.messages.subscribe
conn_c8243a4b288e sessions.messages.subscribe
conn_c8243a4b288e chat.history
conn_c8243a4b288e chat.history
conn_c8243a4b288e progressCard.get
conn_c8243a4b288e progressCard.get
preauth connect
preauth connect
Pairing request pair_7d70fddd8693 (not-paired) from Pincer (1890a7f6)
Pairing approved pair_7d70fddd8693
preauth connect
preauth connect
conn_c6d395a34d48 agents.list
conn_c6d395a34d48 sessions.subscribe
conn_c6d395a34d48 exec.approval.list
conn_c6d395a34d48 question.list
conn_c6d395a34d48 config.get
conn_c6d395a34d48 users.prefs.get
conn_c6d395a34d48 users.prefs.get
conn_c6d395a34d48 users.prefs.get
conn_c6d395a34d48 users.prefs.get
conn_c6d395a34d48 users.prefs.get
conn_c6d395a34d48 users.prefs.get
conn_c6d395a34d48 users.prefs.get
conn_c6d395a34d48 sessions.groups.list
