mock OpenClaw Gateway listening on ws://127.0.0.1:18858
preauth connect
Pairing request pair_cae5ee8e8e28 (not-paired) from Pincer (0c63466a)
preauth connect
Pairing request pair_d3145fd45ab7 (not-paired) from Pincer (0c63466a)
Pairing approved pair_cae5ee8e8e28
Pairing approved pair_d3145fd45ab7
preauth connect
conn_a5be86760ee4 agents.list
conn_a5be86760ee4 sessions.subscribe
conn_a5be86760ee4 exec.approval.list
conn_a5be86760ee4 question.list
conn_a5be86760ee4 config.get
conn_a5be86760ee4 users.prefs.get
conn_a5be86760ee4 users.prefs.get
conn_a5be86760ee4 users.prefs.get
conn_a5be86760ee4 users.prefs.get
conn_a5be86760ee4 users.prefs.get
conn_a5be86760ee4 users.prefs.get
conn_a5be86760ee4 users.prefs.get
conn_a5be86760ee4 sessions.groups.list
conn_a5be86760ee4 channels.status
conn_a5be86760ee4 skills.status
conn_a5be86760ee4 agents.list
conn_a5be86760ee4 health
conn_a5be86760ee4 last-heartbeat
conn_a5be86760ee4 system-presence
conn_a5be86760ee4 sessions.messages.subscribe
conn_a5be86760ee4 chat.history
conn_a5be86760ee4 progressCard.get
preauth connect
conn_245ef87244b5 agents.list
conn_245ef87244b5 sessions.list
conn_245ef87244b5 sessions.create
conn_245ef87244b5 chat.send
conn_a5be86760ee4 sessions.messages.subscribe
conn_a5be86760ee4 chat.history
conn_a5be86760ee4 commands.list
conn_a5be86760ee4 progressCard.get
conn_a5be86760ee4 artifacts.download
conn_a5be86760ee4 sessions.messages.subscribe
conn_a5be86760ee4 chat.history
conn_a5be86760ee4 progressCard.get
conn_a5be86760ee4 chat.history
conn_a5be86760ee4 sessions.messages.subscribe
conn_a5be86760ee4 chat.history
conn_a5be86760ee4 chat.history
conn_a5be86760ee4 progressCard.get
conn_a5be86760ee4 chat.history
conn_a5be86760ee4 chat.history
conn_a5be86760ee4 chat.message.get
conn_a5be86760ee4 chat.history
conn_a5be86760ee4 chat.history
conn_a5be86760ee4 sessions.messages.subscribe
conn_a5be86760ee4 chat.history
conn_a5be86760ee4 chat.history
conn_a5be86760ee4 chat.message.get
conn_a5be86760ee4 progressCard.get
conn_a5be86760ee4 chat.history
conn_a5be86760ee4 sessions.messages.subscribe
conn_a5be86760ee4 chat.history
conn_a5be86760ee4 chat.send
conn_a5be86760ee4 progressCard.get
conn_a5be86760ee4 sessions.messages.subscribe
conn_a5be86760ee4 sessions.messages.subscribe
conn_a5be86760ee4 chat.history
conn_a5be86760ee4 chat.history
conn_a5be86760ee4 progressCard.get
conn_a5be86760ee4 progressCard.get
conn_a5be86760ee4 sessions.messages.subscribe
conn_a5be86760ee4 sessions.messages.subscribe
conn_a5be86760ee4 chat.history
conn_a5be86760ee4 chat.history
conn_a5be86760ee4 progressCard.get
conn_a5be86760ee4 progressCard.get
conn_a5be86760ee4 chat.send
conn_a5be86760ee4 progressCard.get
conn_a5be86760ee4 progressCard.get
conn_a5be86760ee4 progressCard.get
conn_a5be86760ee4 progressCard.get
conn_a5be86760ee4 sessions.messages.subscribe
conn_a5be86760ee4 sessions.messages.subscribe
conn_a5be86760ee4 chat.history
conn_a5be86760ee4 chat.history
conn_a5be86760ee4 progressCard.get
conn_a5be86760ee4 progressCard.get
conn_a5be86760ee4 progressCard.put
conn_a5be86760ee4 sessions.messages.subscribe
conn_a5be86760ee4 chat.history
conn_a5be86760ee4 progressCard.get
conn_a5be86760ee4 sessions.patch
conn_a5be86760ee4 models.list
conn_a5be86760ee4 sessions.patch
conn_a5be86760ee4 chat.send
conn_a5be86760ee4 sessions.messages.subscribe
conn_a5be86760ee4 sessions.messages.subscribe
conn_a5be86760ee4 chat.history
conn_a5be86760ee4 chat.history
conn_a5be86760ee4 progressCard.get
conn_a5be86760ee4 progressCard.get
conn_a5be86760ee4 sessions.patch
conn_a5be86760ee4 chat.send
conn_a5be86760ee4 exec.approval.resolve
conn_a5be86760ee4 sessions.messages.subscribe
conn_a5be86760ee4 sessions.messages.subscribe
conn_a5be86760ee4 chat.history
conn_a5be86760ee4 chat.history
conn_a5be86760ee4 progressCard.get
conn_a5be86760ee4 progressCard.get
conn_a5be86760ee4 chat.send
conn_a5be86760ee4 exec.approval.resolve
conn_a5be86760ee4 sessions.messages.subscribe
conn_a5be86760ee4 sessions.messages.subscribe
conn_a5be86760ee4 chat.history
conn_a5be86760ee4 chat.history
conn_a5be86760ee4 progressCard.get
conn_a5be86760ee4 progressCard.get
conn_a5be86760ee4 chat.send
conn_a5be86760ee4 exec.approval.resolve
conn_a5be86760ee4 exec.approval.resolve
conn_a5be86760ee4 sessions.messages.subscribe
conn_a5be86760ee4 sessions.messages.subscribe
conn_a5be86760ee4 chat.history
conn_a5be86760ee4 chat.history
conn_a5be86760ee4 progressCard.get
conn_a5be86760ee4 progressCard.get
conn_a5be86760ee4 exec.approval.resolve
conn_a5be86760ee4 chat.send
conn_a5be86760ee4 exec.approval.resolve
conn_a5be86760ee4 sessions.messages.subscribe
conn_a5be86760ee4 sessions.messages.subscribe
conn_a5be86760ee4 chat.history
conn_a5be86760ee4 chat.history
conn_a5be86760ee4 progressCard.get
conn_a5be86760ee4 progressCard.get
conn_a5be86760ee4 chat.send
preauth connect
conn_11de8406a10f agents.list
conn_11de8406a10f sessions.subscribe
conn_11de8406a10f exec.approval.list
conn_11de8406a10f question.list
conn_11de8406a10f config.get
conn_11de8406a10f users.prefs.get
conn_11de8406a10f users.prefs.get
conn_11de8406a10f users.prefs.get
conn_11de8406a10f users.prefs.get
conn_11de8406a10f users.prefs.get
conn_11de8406a10f users.prefs.get
conn_11de8406a10f users.prefs.get
conn_11de8406a10f sessions.groups.list
conn_11de8406a10f exec.approval.resolve
preauth connect
conn_3f7a61b415e6 agents.list
conn_3f7a61b415e6 sessions.subscribe
conn_3f7a61b415e6 exec.approval.list
conn_3f7a61b415e6 question.list
conn_3f7a61b415e6 config.get
conn_3f7a61b415e6 users.prefs.get
conn_3f7a61b415e6 users.prefs.get
conn_3f7a61b415e6 users.prefs.get
conn_3f7a61b415e6 users.prefs.get
conn_3f7a61b415e6 users.prefs.get
conn_3f7a61b415e6 users.prefs.get
conn_3f7a61b415e6 users.prefs.get
conn_3f7a61b415e6 sessions.groups.list
conn_3f7a61b415e6 exec.approval.resolve
preauth connect
conn_888a73aae44a agents.list
conn_888a73aae44a sessions.subscribe
conn_888a73aae44a exec.approval.list
conn_888a73aae44a question.list
conn_888a73aae44a config.get
conn_888a73aae44a users.prefs.get
conn_888a73aae44a users.prefs.get
conn_888a73aae44a users.prefs.get
conn_888a73aae44a users.prefs.get
conn_888a73aae44a users.prefs.get
conn_888a73aae44a users.prefs.get
conn_888a73aae44a users.prefs.get
conn_888a73aae44a sessions.groups.list
conn_888a73aae44a exec.approval.resolve
conn_a5be86760ee4 sessions.messages.subscribe
conn_a5be86760ee4 sessions.messages.subscribe
conn_a5be86760ee4 chat.history
conn_a5be86760ee4 chat.history
conn_a5be86760ee4 progressCard.get
conn_a5be86760ee4 progressCard.get
conn_a5be86760ee4 chat.send
conn_a5be86760ee4 exec.approval.resolve
conn_a5be86760ee4 exec.approval.resolve
conn_a5be86760ee4 sessions.messages.subscribe
conn_a5be86760ee4 sessions.messages.subscribe
conn_a5be86760ee4 chat.history
conn_a5be86760ee4 chat.history
conn_a5be86760ee4 progressCard.get
conn_a5be86760ee4 progressCard.get
conn_a5be86760ee4 chat.send
conn_a5be86760ee4 sessions.messages.subscribe
conn_a5be86760ee4 chat.history
conn_a5be86760ee4 sessions.messages.subscribe
preauth connect
conn_a5be86760ee4 chat.history
conn_a5be86760ee4 progressCard.get
conn_9b7e8ec67006 agents.list
conn_9b7e8ec67006 sessions.subscribe
conn_9b7e8ec67006 exec.approval.list
conn_9b7e8ec67006 question.list
conn_a5be86760ee4 progressCard.get
conn_9b7e8ec67006 config.get
conn_9b7e8ec67006 users.prefs.get
conn_9b7e8ec67006 users.prefs.get
conn_9b7e8ec67006 users.prefs.get
conn_9b7e8ec67006 users.prefs.get
conn_9b7e8ec67006 users.prefs.get
conn_9b7e8ec67006 users.prefs.get
conn_9b7e8ec67006 users.prefs.get
conn_9b7e8ec67006 sessions.groups.list
conn_9b7e8ec67006 exec.approval.resolve
conn_a5be86760ee4 chat.send
conn_a5be86760ee4 question.resolve
conn_a5be86760ee4 sessions.messages.subscribe
conn_a5be86760ee4 sessions.messages.subscribe
conn_a5be86760ee4 chat.history
conn_a5be86760ee4 chat.history
conn_a5be86760ee4 progressCard.get
conn_a5be86760ee4 progressCard.get
conn_a5be86760ee4 sessions.create
conn_a5be86760ee4 sessions.patch
conn_a5be86760ee4 users.prefs.set
conn_a5be86760ee4 sessions.messages.subscribe
conn_a5be86760ee4 users.prefs.get
conn_a5be86760ee4 chat.history
conn_a5be86760ee4 users.prefs.set
conn_a5be86760ee4 progressCard.get
conn_a5be86760ee4 users.prefs.get
conn_a5be86760ee4 sessions.patch
conn_a5be86760ee4 users.prefs.set
conn_a5be86760ee4 users.prefs.get
conn_a5be86760ee4 sessions.patch
preauth connect
conn_329bb370547f agents.list
conn_329bb370547f sessions.subscribe
conn_329bb370547f exec.approval.list
conn_329bb370547f question.list
conn_329bb370547f config.get
conn_329bb370547f users.prefs.get
conn_329bb370547f users.prefs.get
conn_329bb370547f users.prefs.get
conn_329bb370547f users.prefs.get
conn_329bb370547f users.prefs.get
conn_329bb370547f users.prefs.get
conn_329bb370547f users.prefs.get
conn_329bb370547f sessions.groups.list
conn_329bb370547f channels.status
conn_329bb370547f skills.status
conn_329bb370547f agents.list
conn_329bb370547f health
conn_329bb370547f last-heartbeat
conn_329bb370547f system-presence
conn_329bb370547f sessions.messages.subscribe
conn_329bb370547f users.prefs.set
conn_329bb370547f chat.history
conn_329bb370547f users.prefs.get
conn_a5be86760ee4 users.prefs.get
conn_329bb370547f sessions.patch
conn_329bb370547f progressCard.get
conn_a5be86760ee4 users.prefs.set
conn_329bb370547f users.prefs.get
conn_a5be86760ee4 users.prefs.get
conn_329bb370547f users.prefs.set
conn_329bb370547f users.prefs.get
conn_a5be86760ee4 users.prefs.get
conn_a5be86760ee4 users.prefs.set
conn_a5be86760ee4 users.prefs.get
conn_a5be86760ee4 users.prefs.set
conn_329bb370547f users.prefs.get
conn_a5be86760ee4 users.prefs.get
conn_329bb370547f users.prefs.set
conn_329bb370547f users.prefs.get
conn_a5be86760ee4 users.prefs.get
conn_a5be86760ee4 sessions.groups.put
conn_329bb370547f sessions.groups.list
conn_a5be86760ee4 sessions.groups.list
conn_a5be86760ee4 sessions.groups.put
conn_329bb370547f sessions.groups.list
conn_a5be86760ee4 sessions.groups.list
conn_a5be86760ee4 sessions.groups.put
conn_a5be86760ee4 sessions.patch
conn_329bb370547f sessions.groups.list
conn_a5be86760ee4 sessions.groups.list
conn_a5be86760ee4 users.prefs.set
conn_329bb370547f users.prefs.get
conn_a5be86760ee4 users.prefs.get
conn_a5be86760ee4 sessions.patch
conn_a5be86760ee4 sessions.patch
conn_a5be86760ee4 sessions.patch
conn_a5be86760ee4 users.prefs.set
conn_a5be86760ee4 sessions.patch
conn_a5be86760ee4 users.prefs.set
conn_a5be86760ee4 users.prefs.set
conn_a5be86760ee4 users.prefs.get
conn_a5be86760ee4 users.prefs.get
conn_329bb370547f users.prefs.get
conn_329bb370547f sessions.list
conn_329bb370547f users.prefs.get
conn_329bb370547f users.prefs.get
conn_a5be86760ee4 users.prefs.get
conn_a5be86760ee4 sessions.list
conn_a5be86760ee4 users.prefs.set
conn_329bb370547f users.prefs.get
conn_a5be86760ee4 users.prefs.get
conn_a5be86760ee4 users.prefs.set
conn_a5be86760ee4 users.prefs.set
conn_329bb370547f chat.history
conn_a5be86760ee4 users.prefs.get
conn_a5be86760ee4 users.prefs.get
conn_329bb370547f users.prefs.get
conn_a5be86760ee4 users.prefs.set
conn_a5be86760ee4 users.prefs.get
conn_329bb370547f users.prefs.get
conn_329bb370547f chat.history
conn_329bb370547f chat.history
conn_329bb370547f chat.history
conn_329bb370547f chat.history
conn_329bb370547f chat.history
conn_a5be86760ee4 sessions.groups.rename
conn_a5be86760ee4 sessions.groups.delete
conn_a5be86760ee4 sessions.groups.list
conn_329bb370547f sessions.groups.list
conn_a5be86760ee4 users.prefs.set
conn_a5be86760ee4 sessions.groups.list
conn_329bb370547f sessions.groups.list
conn_a5be86760ee4 users.prefs.get
conn_329bb370547f users.prefs.get
conn_329bb370547f chat.history
conn_329bb370547f chat.history
conn_329bb370547f chat.history
conn_329bb370547f chat.history
conn_329bb370547f chat.message.get
conn_329bb370547f chat.history
conn_a5be86760ee4 sessions.groups.delete
conn_a5be86760ee4 approval.history
conn_329bb370547f sessions.groups.list
conn_a5be86760ee4 sessions.groups.list
conn_a5be86760ee4 approval.history
conn_a5be86760ee4 users.prefs.set
conn_a5be86760ee4 approval.history
conn_a5be86760ee4 users.prefs.get
conn_a5be86760ee4 approval.history
conn_a5be86760ee4 approval.history
conn_a5be86760ee4 approval.history
conn_a5be86760ee4 approval.get
conn_a5be86760ee4 approval.get
conn_a5be86760ee4 approval.get
conn_a5be86760ee4 usage.status
conn_a5be86760ee4 usage.cost
conn_a5be86760ee4 sessions.usage
conn_a5be86760ee4 sessions.usage
conn_a5be86760ee4 sessions.usage.timeseries
conn_a5be86760ee4 sessions.usage.logs
conn_a5be86760ee4 sessions.usage
conn_a5be86760ee4 sessions.usage.timeseries
conn_a5be86760ee4 sessions.usage.logs
conn_a5be86760ee4 cron.list
conn_a5be86760ee4 cron.status
conn_a5be86760ee4 cron.runs
conn_a5be86760ee4 cron.run
conn_a5be86760ee4 config.get
conn_a5be86760ee4 config.schema
conn_a5be86760ee4 plugins.list
conn_a5be86760ee4 models.list
conn_a5be86760ee4 sessions.messages.subscribe
conn_a5be86760ee4 chat.history
conn_a5be86760ee4 chat.send
conn_a5be86760ee4 progressCard.get
conn_a5be86760ee4 sessions.list
conn_a5be86760ee4 sessions.messages.subscribe
conn_a5be86760ee4 sessions.messages.subscribe
conn_a5be86760ee4 chat.history
conn_a5be86760ee4 chat.history
conn_a5be86760ee4 sessions.list
conn_a5be86760ee4 progressCard.get
conn_a5be86760ee4 progressCard.get
conn_a5be86760ee4 push.web.subscribe
conn_a5be86760ee4 push.web.subscribe
conn_a5be86760ee4 chat.send
conn_a5be86760ee4 sessions.messages.subscribe
conn_a5be86760ee4 sessions.messages.subscribe
conn_a5be86760ee4 chat.history
conn_a5be86760ee4 chat.history
conn_a5be86760ee4 progressCard.get
conn_a5be86760ee4 progressCard.get
conn_a5be86760ee4 chat.send
conn_a5be86760ee4 exec.approval.resolve
conn_a5be86760ee4 approval.history
conn_a5be86760ee4 sessions.messages.subscribe
conn_a5be86760ee4 sessions.messages.subscribe
conn_a5be86760ee4 chat.history
conn_a5be86760ee4 chat.history
conn_a5be86760ee4 progressCard.get
conn_a5be86760ee4 progressCard.get
conn_a5be86760ee4 push.web.unsubscribe
conn_a5be86760ee4 chat.send
conn_a5be86760ee4 sessions.messages.subscribe
conn_a5be86760ee4 sessions.messages.subscribe
conn_a5be86760ee4 chat.history
conn_a5be86760ee4 chat.history
conn_a5be86760ee4 progressCard.get
conn_a5be86760ee4 progressCard.get
conn_a5be86760ee4 push.web.subscribe
conn_a5be86760ee4 push.web.unsubscribe
preauth connect
conn_322789f973ef agents.list
conn_322789f973ef sessions.list
conn_322789f973ef chat.send
conn_a5be86760ee4 sessions.messages.subscribe
conn_a5be86760ee4 sessions.messages.subscribe
conn_a5be86760ee4 chat.history
conn_a5be86760ee4 chat.history
preauth connect
conn_d888963726db agents.list
conn_d888963726db sessions.list
conn_a5be86760ee4 progressCard.get
conn_a5be86760ee4 progressCard.get
preauth connect
conn_2a4e4fd8ad27 agents.list
conn_2a4e4fd8ad27 sessions.list
preauth connect
conn_2e0e22128301 exec.approval.list
conn_a5be86760ee4 chat.send
conn_a5be86760ee4 sessions.messages.subscribe
conn_a5be86760ee4 sessions.messages.subscribe
conn_a5be86760ee4 chat.history
conn_a5be86760ee4 chat.history
preauth connect
conn_169e81ada3b4 sessions.create
conn_169e81ada3b4 chat.send
conn_a5be86760ee4 progressCard.get
conn_a5be86760ee4 progressCard.get
preauth connect
conn_9e6a28fb1309 chat.send
preauth connect
conn_8b2fc20343ec chat.send
preauth connect
conn_1b1ca7f36473 agents.list
preauth connect
preauth connect
conn_e1e642665a1c agents.list
conn_e1e642665a1c sessions.list
conn_22089f56f53a agents.list
conn_22089f56f53a sessions.list
preauth connect
conn_887da1bfe1d1 agents.list
conn_887da1bfe1d1 sessions.list
preauth connect
conn_33a4e0eb3682 agents.list
conn_33a4e0eb3682 sessions.list
preauth connect
conn_f96d7d78a91b agents.list
conn_f96d7d78a91b sessions.list
conn_f96d7d78a91b chat.send
conn_a5be86760ee4 sessions.messages.subscribe
conn_a5be86760ee4 sessions.messages.subscribe
conn_a5be86760ee4 chat.history
conn_a5be86760ee4 chat.history
preauth connect
preauth connect
preauth connect
Pairing request pair_489aff5da785 (scope-upgrade) from Pincer (0c63466a)
Pairing approved pair_489aff5da785
preauth connect
conn_6d553c7d8596 agents.list
conn_6d553c7d8596 sessions.subscribe
conn_6d553c7d8596 exec.approval.list
conn_6d553c7d8596 question.list
conn_6d553c7d8596 config.get
conn_6d553c7d8596 users.prefs.get
conn_6d553c7d8596 users.prefs.get
conn_6d553c7d8596 users.prefs.get
conn_6d553c7d8596 users.prefs.get
conn_6d553c7d8596 users.prefs.get
conn_6d553c7d8596 users.prefs.get
conn_6d553c7d8596 users.prefs.get
conn_6d553c7d8596 sessions.groups.list
conn_6d553c7d8596 cron.status
conn_6d553c7d8596 cron.list
conn_6d553c7d8596 cron.add
conn_6d553c7d8596 cron.update
conn_6d553c7d8596 cron.update
conn_6d553c7d8596 cron.update
conn_6d553c7d8596 cron.get
conn_6d553c7d8596 cron.run
conn_6d553c7d8596 cron.get
conn_6d553c7d8596 cron.runs
conn_6d553c7d8596 cron.status
conn_6d553c7d8596 cron.list
conn_6d553c7d8596 cron.runs
conn_6d553c7d8596 cron.list
conn_6d553c7d8596 cron.status
conn_6d553c7d8596 cron.runs
conn_6d553c7d8596 cron.remove
conn_6d553c7d8596 config.get
conn_6d553c7d8596 config.schema
conn_6d553c7d8596 plugins.list
conn_6d553c7d8596 config.patch
conn_6d553c7d8596 config.get
conn_6d553c7d8596 config.patch
conn_6d553c7d8596 config.get
conn_6d553c7d8596 config.patch
conn_6d553c7d8596 config.get
conn_6d553c7d8596 config.patch
conn_6d553c7d8596 config.get
preauth connect
conn_dc5a6aa0dace agents.list
conn_dc5a6aa0dace sessions.subscribe
conn_dc5a6aa0dace exec.approval.list
conn_dc5a6aa0dace question.list
conn_dc5a6aa0dace config.get
conn_dc5a6aa0dace users.prefs.get
conn_dc5a6aa0dace users.prefs.get
conn_dc5a6aa0dace users.prefs.get
conn_dc5a6aa0dace users.prefs.get
conn_dc5a6aa0dace users.prefs.get
conn_dc5a6aa0dace users.prefs.get
conn_dc5a6aa0dace users.prefs.get
conn_dc5a6aa0dace sessions.groups.list
conn_dc5a6aa0dace channels.status
conn_dc5a6aa0dace skills.status
conn_dc5a6aa0dace agents.list
conn_dc5a6aa0dace health
conn_dc5a6aa0dace system-presence
conn_dc5a6aa0dace last-heartbeat
conn_dc5a6aa0dace sessions.messages.subscribe
conn_dc5a6aa0dace chat.history
conn_dc5a6aa0dace config.get
conn_dc5a6aa0dace config.schema
conn_dc5a6aa0dace plugins.list
conn_6d553c7d8596 cron.status
conn_6d553c7d8596 cron.list
conn_6d553c7d8596 chat.history
conn_dc5a6aa0dace sessions.patch
conn_dc5a6aa0dace progressCard.get
conn_dc5a6aa0dace config.patch
conn_dc5a6aa0dace config.get
conn_6d553c7d8596 config.patch
conn_6d553c7d8596 config.get
conn_6d553c7d8596 config.patch
conn_6d553c7d8596 config.get
conn_dc5a6aa0dace config.get
conn_dc5a6aa0dace plugins.list
conn_dc5a6aa0dace config.schema
conn_dc5a6aa0dace config.patch
conn_dc5a6aa0dace config.get
conn_6d553c7d8596 config.patch
conn_6d553c7d8596 config.get
conn_6d553c7d8596 plugins.inspect
conn_6d553c7d8596 config.patch
conn_6d553c7d8596 config.get
conn_6d553c7d8596 plugins.list
conn_6d553c7d8596 chat.history
conn_6d553c7d8596 plugins.list
conn_6d553c7d8596 config.get
conn_6d553c7d8596 plugins.setEnabled
conn_6d553c7d8596 plugins.setEnabled
conn_6d553c7d8596 plugins.list
conn_6d553c7d8596 plugins.list
conn_6d553c7d8596 config.get
conn_6d553c7d8596 config.get
conn_6d553c7d8596 plugins.setEnabled
conn_6d553c7d8596 plugins.list
conn_6d553c7d8596 plugins.list
conn_6d553c7d8596 config.get
conn_6d553c7d8596 config.get
conn_6d553c7d8596 plugins.install
conn_6d553c7d8596 plugins.list
conn_6d553c7d8596 plugins.list
conn_6d553c7d8596 config.get
conn_6d553c7d8596 config.get
conn_6d553c7d8596 plugins.install
conn_6d553c7d8596 plugins.install
conn_6d553c7d8596 plugins.list
conn_6d553c7d8596 plugins.list
conn_6d553c7d8596 config.get
conn_6d553c7d8596 config.get
conn_6d553c7d8596 plugins.uninstall
conn_6d553c7d8596 plugins.list
conn_6d553c7d8596 plugins.list
conn_6d553c7d8596 config.get
conn_6d553c7d8596 config.get
conn_6d553c7d8596 plugins.install
conn_6d553c7d8596 channels.pairing.list
conn_6d553c7d8596 channels.pairing.approve
conn_6d553c7d8596 chat.history
conn_6d553c7d8596 channels.pairing.dismiss
conn_6d553c7d8596 channels.pairing.dismiss
conn_6d553c7d8596 channels.pairing.list
conn_6d553c7d8596 channels.pairing.list
conn_6d553c7d8596 sessions.messages.subscribe
conn_6d553c7d8596 chat.history
conn_6d553c7d8596 sessions.compact
conn_6d553c7d8596 progressCard.get
conn_6d553c7d8596 chat.history
conn_6d553c7d8596 chat.history
conn_6d553c7d8596 sessions.compact
conn_6d553c7d8596 sessions.compact
preauth connect
conn_eb9f8ba2b4eb agents.list
conn_eb9f8ba2b4eb sessions.subscribe
conn_eb9f8ba2b4eb exec.approval.list
conn_eb9f8ba2b4eb question.list
conn_eb9f8ba2b4eb config.get
conn_eb9f8ba2b4eb users.prefs.get
conn_eb9f8ba2b4eb users.prefs.get
conn_eb9f8ba2b4eb users.prefs.get
conn_eb9f8ba2b4eb users.prefs.get
conn_eb9f8ba2b4eb users.prefs.get
conn_eb9f8ba2b4eb users.prefs.get
conn_eb9f8ba2b4eb users.prefs.get
conn_eb9f8ba2b4eb sessions.groups.list
conn_eb9f8ba2b4eb channels.status
conn_eb9f8ba2b4eb skills.status
conn_eb9f8ba2b4eb agents.list
conn_eb9f8ba2b4eb health
conn_eb9f8ba2b4eb last-heartbeat
conn_eb9f8ba2b4eb system-presence
conn_eb9f8ba2b4eb sessions.messages.subscribe
conn_6d553c7d8596 sessions.messages.subscribe
conn_eb9f8ba2b4eb chat.history
conn_eb9f8ba2b4eb exec.approvals.get
conn_6d553c7d8596 chat.history
conn_6d553c7d8596 progressCard.get
conn_6d553c7d8596 exec.approvals.get
conn_6d553c7d8596 exec.approvals.set
preauth connect
conn_93b2ebbcb274 agents.list
conn_93b2ebbcb274 sessions.subscribe
conn_93b2ebbcb274 exec.approval.list
conn_93b2ebbcb274 question.list
conn_93b2ebbcb274 config.get
conn_93b2ebbcb274 users.prefs.get
conn_93b2ebbcb274 users.prefs.get
conn_93b2ebbcb274 users.prefs.get
conn_93b2ebbcb274 users.prefs.get
conn_93b2ebbcb274 users.prefs.get
conn_93b2ebbcb274 users.prefs.get
conn_93b2ebbcb274 users.prefs.get
conn_93b2ebbcb274 sessions.groups.list
conn_93b2ebbcb274 channels.status
conn_93b2ebbcb274 skills.status
conn_93b2ebbcb274 exec.approvals.get
conn_93b2ebbcb274 agents.list
conn_93b2ebbcb274 health
conn_93b2ebbcb274 last-heartbeat
conn_93b2ebbcb274 system-presence
conn_93b2ebbcb274 sessions.messages.subscribe
conn_93b2ebbcb274 exec.approvals.set
conn_93b2ebbcb274 chat.history
conn_6d553c7d8596 exec.approvals.set
conn_6d553c7d8596 exec.approvals.get
conn_6d553c7d8596 sessions.create
conn_6d553c7d8596 sessions.messages.subscribe
conn_6d553c7d8596 chat.history
conn_6d553c7d8596 chat.send
conn_6d553c7d8596 progressCard.get
conn_6d553c7d8596 exec.approval.resolve
conn_6d553c7d8596 exec.approvals.get
conn_6d553c7d8596 sessions.messages.subscribe
conn_6d553c7d8596 sessions.messages.subscribe
conn_6d553c7d8596 chat.history
conn_6d553c7d8596 chat.history
conn_6d553c7d8596 progressCard.get
conn_6d553c7d8596 progressCard.get
conn_6d553c7d8596 exec.approvals.set
conn_6d553c7d8596 exec.approvals.set
conn_6d553c7d8596 exec.approvals.set
conn_6d553c7d8596 exec.approvals.set
preauth connect
conn_8349b947b892 agents.list
conn_8349b947b892 sessions.subscribe
conn_8349b947b892 exec.approval.list
conn_8349b947b892 question.list
conn_8349b947b892 config.get
conn_8349b947b892 users.prefs.get
conn_8349b947b892 users.prefs.get
conn_8349b947b892 users.prefs.get
conn_8349b947b892 users.prefs.get
conn_8349b947b892 users.prefs.get
conn_8349b947b892 users.prefs.get
conn_8349b947b892 users.prefs.get
conn_8349b947b892 sessions.groups.list
conn_8349b947b892 channels.status
conn_8349b947b892 skills.status
conn_8349b947b892 agents.files.list
conn_8349b947b892 agents.list
conn_8349b947b892 health
conn_8349b947b892 last-heartbeat
conn_8349b947b892 system-presence
conn_8349b947b892 sessions.messages.subscribe
conn_8349b947b892 agents.create
conn_8349b947b892 chat.history
conn_8349b947b892 agents.files.get
conn_8349b947b892 agents.files.set
conn_8349b947b892 progressCard.get
conn_6d553c7d8596 chat.send
conn_8349b947b892 chat.history
conn_8349b947b892 chat.history
conn_8349b947b892 chat.history
conn_8349b947b892 chat.history
conn_8349b947b892 chat.history
conn_8349b947b892 chat.history
conn_8349b947b892 chat.history
conn_8349b947b892 chat.history
conn_8349b947b892 chat.history
conn_8349b947b892 chat.history
conn_8349b947b892 chat.history
conn_8349b947b892 chat.history
conn_8349b947b892 chat.history
conn_8349b947b892 chat.history
conn_8349b947b892 chat.message.get
preauth connect
conn_0832a7a2b32f agents.list
conn_0832a7a2b32f sessions.subscribe
conn_0832a7a2b32f exec.approval.list
conn_0832a7a2b32f question.list
conn_0832a7a2b32f sessions.messages.subscribe
conn_0832a7a2b32f config.get
conn_0832a7a2b32f users.prefs.get
conn_0832a7a2b32f users.prefs.get
conn_0832a7a2b32f users.prefs.get
conn_0832a7a2b32f users.prefs.get
conn_0832a7a2b32f users.prefs.get
conn_0832a7a2b32f users.prefs.get
conn_0832a7a2b32f users.prefs.get
conn_0832a7a2b32f sessions.groups.list
conn_0832a7a2b32f chat.history
conn_0832a7a2b32f sessions.messages.subscribe
conn_0832a7a2b32f progressCard.get
conn_0832a7a2b32f chat.history
conn_0832a7a2b32f progressCard.get
conn_0832a7a2b32f sessions.messages.subscribe
conn_0832a7a2b32f chat.history
conn_0832a7a2b32f progressCard.get
conn_0832a7a2b32f agents.create
conn_0832a7a2b32f agents.list
conn_0832a7a2b32f config.get
conn_0832a7a2b32f agents.files.list
conn_0832a7a2b32f agents.create
conn_0832a7a2b32f agents.update
conn_0832a7a2b32f agents.list
conn_0832a7a2b32f config.get
conn_0832a7a2b32f agent.identity.get
conn_0832a7a2b32f agents.files.get
preauth connect
conn_75d3b6bbb309 agents.list
conn_75d3b6bbb309 sessions.subscribe
conn_75d3b6bbb309 exec.approval.list
conn_75d3b6bbb309 question.list
conn_75d3b6bbb309 config.get
conn_75d3b6bbb309 users.prefs.get
conn_75d3b6bbb309 users.prefs.get
conn_75d3b6bbb309 users.prefs.get
conn_75d3b6bbb309 users.prefs.get
conn_75d3b6bbb309 users.prefs.get
conn_75d3b6bbb309 users.prefs.get
conn_75d3b6bbb309 users.prefs.get
conn_75d3b6bbb309 sessions.groups.list
conn_75d3b6bbb309 channels.status
conn_75d3b6bbb309 skills.status
conn_75d3b6bbb309 agents.list
conn_75d3b6bbb309 health
conn_75d3b6bbb309 system-presence
conn_75d3b6bbb309 last-heartbeat
conn_75d3b6bbb309 sessions.messages.subscribe
conn_0832a7a2b32f agents.files.get
conn_0832a7a2b32f agents.files.set
conn_0832a7a2b32f exec.approvals.get
conn_75d3b6bbb309 chat.history
conn_75d3b6bbb309 agents.files.get
conn_75d3b6bbb309 agents.files.set
conn_0832a7a2b32f agents.files.set
conn_75d3b6bbb309 progressCard.get
conn_0832a7a2b32f agents.files.get
conn_0832a7a2b32f agents.files.set
conn_75d3b6bbb309 agents.files.get
conn_75d3b6bbb309 agents.files.set
conn_0832a7a2b32f agents.files.set
conn_0832a7a2b32f agents.files.get
conn_0832a7a2b32f agents.files.get
conn_0832a7a2b32f agents.files.get
conn_75d3b6bbb309 agents.files.get
conn_0832a7a2b32f agents.files.set
conn_75d3b6bbb309 agents.files.set
conn_75d3b6bbb309 agents.files.get
conn_0832a7a2b32f agents.files.get
conn_0832a7a2b32f agents.files.get
conn_0832a7a2b32f agents.files.set
conn_0832a7a2b32f agents.create
conn_0832a7a2b32f agents.list
conn_0832a7a2b32f config.get
conn_0832a7a2b32f agents.files.list
conn_0832a7a2b32f agents.files.get
conn_0832a7a2b32f agents.files.get
conn_0832a7a2b32f agents.files.get
conn_0832a7a2b32f agents.files.get
conn_0832a7a2b32f agents.files.set
conn_0832a7a2b32f agents.files.get
conn_0832a7a2b32f agents.files.get
conn_0832a7a2b32f agents.files.set
conn_0832a7a2b32f agents.files.get
conn_0832a7a2b32f agents.files.get
conn_0832a7a2b32f agents.files.get
conn_0832a7a2b32f agents.files.get
conn_0832a7a2b32f agents.files.set
conn_0832a7a2b32f agents.files.get
conn_0832a7a2b32f agents.files.get
conn_0832a7a2b32f sessions.create
conn_0832a7a2b32f agents.delete
conn_0832a7a2b32f sessions.messages.subscribe
conn_0832a7a2b32f agents.list
conn_0832a7a2b32f chat.history
conn_0832a7a2b32f config.get
conn_0832a7a2b32f progressCard.get
conn_0832a7a2b32f agents.delete
conn_0832a7a2b32f agents.list
conn_0832a7a2b32f config.get
conn_0832a7a2b32f agents.delete
preauth connect
conn_2b5c8950d29e agents.list
conn_2b5c8950d29e sessions.subscribe
conn_2b5c8950d29e exec.approval.list
conn_2b5c8950d29e question.list
conn_2b5c8950d29e config.get
conn_2b5c8950d29e users.prefs.get
conn_2b5c8950d29e users.prefs.get
conn_2b5c8950d29e users.prefs.get
conn_2b5c8950d29e users.prefs.get
conn_2b5c8950d29e users.prefs.get
conn_2b5c8950d29e users.prefs.get
conn_2b5c8950d29e users.prefs.get
conn_2b5c8950d29e sessions.groups.list
conn_2b5c8950d29e channels.status
conn_2b5c8950d29e skills.status
conn_2b5c8950d29e skills.status
conn_2b5c8950d29e agents.list
conn_2b5c8950d29e health
conn_2b5c8950d29e last-heartbeat
conn_2b5c8950d29e system-presence
conn_2b5c8950d29e sessions.messages.subscribe
conn_2b5c8950d29e skills.update
conn_2b5c8950d29e chat.history
conn_0832a7a2b32f skills.status
conn_0832a7a2b32f skills.status
conn_2b5c8950d29e progressCard.get
conn_0832a7a2b32f skills.status
conn_0832a7a2b32f skills.update
conn_0832a7a2b32f skills.status
conn_0832a7a2b32f skills.update
conn_0832a7a2b32f skills.status
conn_0832a7a2b32f skills.install
conn_0832a7a2b32f skills.status
conn_0832a7a2b32f skills.search
conn_0832a7a2b32f skills.install
conn_0832a7a2b32f skills.status
conn_0832a7a2b32f skills.search
conn_0832a7a2b32f skills.detail
conn_0832a7a2b32f skills.update
conn_0832a7a2b32f skills.status
conn_0832a7a2b32f skills.update
conn_0832a7a2b32f skills.update
conn_0832a7a2b32f skills.status
conn_0832a7a2b32f tools.catalog
conn_0832a7a2b32f tools.effective
conn_0832a7a2b32f tools.catalog
conn_0832a7a2b32f tools.effective
conn_0832a7a2b32f tools.catalog
conn_0832a7a2b32f tools.effective
conn_0832a7a2b32f logs.tail
conn_0832a7a2b32f logs.tail
conn_0832a7a2b32f chat.send
conn_0832a7a2b32f logs.tail
conn_0832a7a2b32f chat.send
conn_0832a7a2b32f logs.tail
conn_0832a7a2b32f chat.send
conn_0832a7a2b32f logs.tail
conn_0832a7a2b32f chat.send
conn_0832a7a2b32f logs.tail
conn_0832a7a2b32f logs.tail
conn_0832a7a2b32f logs.tail
conn_0832a7a2b32f sessions.messages.subscribe
conn_0832a7a2b32f sessions.messages.subscribe
conn_0832a7a2b32f chat.history
conn_0832a7a2b32f chat.history
conn_0832a7a2b32f progressCard.get
conn_0832a7a2b32f progressCard.get
conn_0832a7a2b32f sessions.messages.subscribe
conn_0832a7a2b32f sessions.messages.subscribe
conn_0832a7a2b32f chat.history
conn_0832a7a2b32f chat.history
conn_0832a7a2b32f progressCard.get
conn_0832a7a2b32f progressCard.get
conn_0832a7a2b32f sessions.messages.subscribe
conn_0832a7a2b32f sessions.messages.subscribe
conn_0832a7a2b32f chat.history
conn_0832a7a2b32f chat.history
conn_0832a7a2b32f sessions.messages.subscribe
conn_0832a7a2b32f sessions.messages.subscribe
conn_0832a7a2b32f progressCard.get
conn_0832a7a2b32f chat.history
conn_0832a7a2b32f chat.history
conn_0832a7a2b32f progressCard.get
conn_0832a7a2b32f progressCard.get
conn_0832a7a2b32f progressCard.get
conn_0832a7a2b32f health
conn_0832a7a2b32f last-heartbeat
conn_0832a7a2b32f system-presence
preauth connect
conn_424437d60a3c agents.list
conn_424437d60a3c sessions.subscribe
conn_424437d60a3c exec.approval.list
conn_424437d60a3c question.list
conn_424437d60a3c config.get
conn_424437d60a3c users.prefs.get
conn_424437d60a3c users.prefs.get
conn_424437d60a3c users.prefs.get
conn_424437d60a3c users.prefs.get
conn_424437d60a3c users.prefs.get
conn_424437d60a3c users.prefs.get
conn_424437d60a3c users.prefs.get
conn_424437d60a3c sessions.groups.list
conn_424437d60a3c channels.status
conn_424437d60a3c skills.status
conn_424437d60a3c agents.list
conn_424437d60a3c health
conn_424437d60a3c last-heartbeat
conn_424437d60a3c system-presence
conn_424437d60a3c health
conn_424437d60a3c last-heartbeat
conn_424437d60a3c system-presence
conn_424437d60a3c sessions.messages.subscribe
conn_424437d60a3c chat.history
conn_0832a7a2b32f users.prefs.set
conn_424437d60a3c sessions.patch
conn_424437d60a3c progressCard.get
conn_0832a7a2b32f users.prefs.get
conn_0832a7a2b32f users.prefs.set
conn_424437d60a3c users.prefs.get
conn_0832a7a2b32f users.prefs.get
conn_424437d60a3c users.prefs.set
conn_0832a7a2b32f users.prefs.get
conn_424437d60a3c users.prefs.get
conn_0832a7a2b32f gateway.restart.request
Simulated restart (Pincer: Restart Gateway); back in 1500 ms
preauth connect
conn_8e1e9f86b489 agents.list
conn_8e1e9f86b489 config.get
conn_8e1e9f86b489 plugins.list
conn_8e1e9f86b489 health
conn_8e1e9f86b489 config.schema
conn_8e1e9f86b489 last-heartbeat
conn_8e1e9f86b489 system-presence
conn_8e1e9f86b489 sessions.subscribe
conn_8e1e9f86b489 exec.approval.list
conn_8e1e9f86b489 question.list
conn_8e1e9f86b489 sessions.messages.subscribe
conn_8e1e9f86b489 config.get
conn_8e1e9f86b489 users.prefs.get
conn_8e1e9f86b489 users.prefs.get
conn_8e1e9f86b489 users.prefs.get
conn_8e1e9f86b489 users.prefs.get
conn_8e1e9f86b489 users.prefs.get
conn_8e1e9f86b489 users.prefs.get
conn_8e1e9f86b489 users.prefs.get
conn_8e1e9f86b489 sessions.groups.list
conn_8e1e9f86b489 chat.history
conn_8e1e9f86b489 sessions.messages.subscribe
conn_8e1e9f86b489 progressCard.get
conn_8e1e9f86b489 chat.history
conn_8e1e9f86b489 sessions.messages.subscribe
conn_8e1e9f86b489 chat.history
conn_8e1e9f86b489 sessions.messages.subscribe
conn_8e1e9f86b489 progressCard.get
conn_8e1e9f86b489 chat.history
conn_8e1e9f86b489 progressCard.get
preauth connect
preauth connect
conn_1d89ed7fbb1c agents.list
conn_1d89ed7fbb1c sessions.subscribe
conn_471730228490 agents.list
conn_471730228490 sessions.subscribe
conn_1d89ed7fbb1c exec.approval.list
conn_471730228490 exec.approval.list
conn_1d89ed7fbb1c question.list
conn_471730228490 question.list
conn_1d89ed7fbb1c config.get
conn_1d89ed7fbb1c users.prefs.get
conn_1d89ed7fbb1c users.prefs.get
conn_1d89ed7fbb1c users.prefs.get
conn_1d89ed7fbb1c users.prefs.get
conn_1d89ed7fbb1c users.prefs.get
conn_1d89ed7fbb1c users.prefs.get
conn_1d89ed7fbb1c users.prefs.get
conn_1d89ed7fbb1c sessions.groups.list
conn_1d89ed7fbb1c channels.status
conn_1d89ed7fbb1c skills.status
conn_1d89ed7fbb1c agents.list
conn_1d89ed7fbb1c health
conn_1d89ed7fbb1c last-heartbeat
conn_1d89ed7fbb1c system-presence
conn_1d89ed7fbb1c sessions.messages.subscribe
conn_471730228490 config.get
conn_471730228490 users.prefs.get
conn_471730228490 users.prefs.get
conn_471730228490 users.prefs.get
conn_471730228490 users.prefs.get
conn_471730228490 users.prefs.get
conn_471730228490 users.prefs.get
conn_471730228490 users.prefs.get
conn_471730228490 sessions.groups.list
conn_471730228490 channels.status
conn_471730228490 skills.status
conn_471730228490 agents.list
conn_471730228490 health
conn_471730228490 last-heartbeat
conn_471730228490 system-presence
conn_471730228490 sessions.messages.subscribe
conn_1d89ed7fbb1c chat.history
conn_471730228490 chat.history
conn_471730228490 progressCard.get
conn_1d89ed7fbb1c progressCard.get
conn_471730228490 chat.send
conn_471730228490 sessions.messages.subscribe
conn_471730228490 chat.history
conn_471730228490 chat.message.get
conn_471730228490 progressCard.get
conn_471730228490 chat.history
conn_1d89ed7fbb1c chat.history
conn_1d89ed7fbb1c chat.history
conn_471730228490 chat.history
conn_1d89ed7fbb1c chat.history
conn_471730228490 chat.history
conn_471730228490 chat.history
conn_1d89ed7fbb1c chat.history
conn_471730228490 chat.history
conn_1d89ed7fbb1c chat.history
conn_471730228490 chat.history
conn_1d89ed7fbb1c chat.history
conn_471730228490 chat.history
conn_1d89ed7fbb1c chat.history
conn_471730228490 chat.history
conn_1d89ed7fbb1c chat.history
conn_471730228490 chat.history
conn_1d89ed7fbb1c chat.history
conn_471730228490 chat.history
conn_1d89ed7fbb1c chat.history
conn_1d89ed7fbb1c chat.history
conn_1d89ed7fbb1c chat.history
conn_1d89ed7fbb1c chat.history
conn_1d89ed7fbb1c chat.history
conn_1d89ed7fbb1c chat.message.get
conn_471730228490 sessions.messages.subscribe
conn_471730228490 sessions.messages.subscribe
conn_471730228490 chat.history
conn_471730228490 chat.history
conn_471730228490 progressCard.get
conn_471730228490 chat.history
conn_471730228490 progressCard.get
conn_471730228490 chat.history
conn_471730228490 sessions.messages.subscribe
conn_471730228490 chat.history
conn_471730228490 sessions.create
conn_471730228490 progressCard.get
conn_471730228490 chat.send
conn_471730228490 sessions.messages.subscribe
conn_471730228490 sessions.messages.subscribe
conn_471730228490 chat.history
conn_471730228490 chat.history
conn_471730228490 progressCard.get
conn_471730228490 progressCard.get
conn_471730228490 sessions.messages.subscribe
conn_471730228490 chat.history
conn_471730228490 sessions.create
conn_471730228490 progressCard.get
conn_471730228490 chat.send
conn_1d89ed7fbb1c chat.send
conn_471730228490 sessions.messages.subscribe
conn_1d89ed7fbb1c chat.send
conn_471730228490 chat.history
conn_1d89ed7fbb1c sessions.create
conn_1d89ed7fbb1c chat.send
conn_471730228490 progressCard.get
conn_1d89ed7fbb1c chat.send
conn_471730228490 sessions.messages.subscribe
conn_471730228490 sessions.messages.subscribe
conn_471730228490 chat.history
conn_471730228490 chat.history
conn_471730228490 progressCard.get
conn_471730228490 progressCard.get
conn_471730228490 sessions.messages.subscribe
conn_471730228490 sessions.messages.subscribe
conn_1d89ed7fbb1c sessions.messages.subscribe
conn_471730228490 chat.history
conn_471730228490 chat.history
conn_1d89ed7fbb1c chat.history
conn_1d89ed7fbb1c progressCard.get
conn_1d89ed7fbb1c chat.history
conn_471730228490 progressCard.get
conn_471730228490 progressCard.get
conn_1d89ed7fbb1c chat.history
conn_1d89ed7fbb1c sessions.messages.subscribe
conn_1d89ed7fbb1c chat.history
conn_1d89ed7fbb1c progressCard.get
conn_1d89ed7fbb1c sessions.messages.subscribe
conn_1d89ed7fbb1c sessions.messages.subscribe
conn_1d89ed7fbb1c chat.history
conn_1d89ed7fbb1c chat.history
conn_1d89ed7fbb1c progressCard.get
conn_1d89ed7fbb1c progressCard.get
conn_1d89ed7fbb1c sessions.messages.subscribe
conn_1d89ed7fbb1c chat.history
conn_1d89ed7fbb1c sessions.patch
conn_1d89ed7fbb1c progressCard.get
conn_471730228490 chat.send
preauth connect
conn_45aafe43eb21 agents.list
conn_45aafe43eb21 sessions.subscribe
conn_45aafe43eb21 exec.approval.list
conn_45aafe43eb21 question.list
conn_45aafe43eb21 sessions.messages.subscribe
conn_45aafe43eb21 config.get
conn_45aafe43eb21 users.prefs.get
conn_45aafe43eb21 users.prefs.get
conn_45aafe43eb21 users.prefs.get
conn_45aafe43eb21 users.prefs.get
conn_45aafe43eb21 users.prefs.get
conn_45aafe43eb21 users.prefs.get
conn_45aafe43eb21 users.prefs.get
conn_45aafe43eb21 sessions.groups.list
conn_45aafe43eb21 chat.history
conn_45aafe43eb21 sessions.messages.subscribe
conn_45aafe43eb21 progressCard.get
conn_45aafe43eb21 chat.history
conn_45aafe43eb21 sessions.messages.subscribe
conn_45aafe43eb21 progressCard.get
conn_45aafe43eb21 chat.history
conn_45aafe43eb21 sessions.messages.subscribe
conn_45aafe43eb21 progressCard.get
conn_45aafe43eb21 chat.history
conn_45aafe43eb21 sessions.messages.subscribe
conn_45aafe43eb21 progressCard.get
conn_45aafe43eb21 chat.history
conn_45aafe43eb21 progressCard.get
conn_45aafe43eb21 chat.send
conn_45aafe43eb21 sessions.messages.subscribe
conn_45aafe43eb21 sessions.messages.subscribe
conn_1d89ed7fbb1c sessions.messages.subscribe
conn_1d89ed7fbb1c sessions.messages.subscribe
conn_1d89ed7fbb1c chat.history
conn_1d89ed7fbb1c chat.history
conn_45aafe43eb21 chat.history
conn_45aafe43eb21 chat.history
conn_45aafe43eb21 progressCard.get
conn_1d89ed7fbb1c progressCard.get
conn_1d89ed7fbb1c progressCard.get
conn_45aafe43eb21 progressCard.get
conn_45aafe43eb21 sessions.messages.subscribe
conn_45aafe43eb21 chat.history
conn_45aafe43eb21 progressCard.get
preauth connect
conn_565a0986d004 agents.list
conn_565a0986d004 sessions.subscribe
conn_565a0986d004 exec.approval.list
conn_565a0986d004 question.list
conn_565a0986d004 config.get
conn_565a0986d004 users.prefs.get
conn_565a0986d004 users.prefs.get
conn_565a0986d004 users.prefs.get
conn_565a0986d004 users.prefs.get
conn_565a0986d004 users.prefs.get
conn_565a0986d004 users.prefs.get
conn_565a0986d004 users.prefs.get
conn_565a0986d004 sessions.groups.list
conn_565a0986d004 channels.status
conn_565a0986d004 skills.status
conn_565a0986d004 agents.list
conn_565a0986d004 health
conn_565a0986d004 last-heartbeat
conn_565a0986d004 system-presence
conn_565a0986d004 sessions.messages.subscribe
conn_565a0986d004 chat.history
conn_565a0986d004 progressCard.get
conn_565a0986d004 chat.send
conn_565a0986d004 chat.history
conn_565a0986d004 chat.history
conn_565a0986d004 chat.history
conn_565a0986d004 chat.history
conn_565a0986d004 chat.history
conn_565a0986d004 chat.history
conn_565a0986d004 chat.history
conn_565a0986d004 chat.history
conn_565a0986d004 chat.history
conn_565a0986d004 chat.history
conn_565a0986d004 chat.history
conn_565a0986d004 chat.history
conn_565a0986d004 chat.history
conn_565a0986d004 chat.history
conn_565a0986d004 chat.history
conn_565a0986d004 chat.history
conn_565a0986d004 chat.message.get
conn_565a0986d004 sessions.messages.subscribe
conn_565a0986d004 sessions.messages.subscribe
conn_565a0986d004 chat.history
conn_565a0986d004 chat.history
conn_565a0986d004 progressCard.get
conn_565a0986d004 progressCard.get
conn_565a0986d004 sessions.messages.subscribe
conn_565a0986d004 chat.history
conn_565a0986d004 chat.send
conn_565a0986d004 progressCard.get
